Component: ARM Compiler 5.06 update 7 (build 960) Tool: armlink [4d3601]

==============================================================================

Section Cross References

    startup_stm32h750xx.o(STACK) refers (Special) to heapauxi.o(.text) for __use_two_region_memory
    startup_stm32h750xx.o(HEAP) refers (Special) to heapauxi.o(.text) for __use_two_region_memory
    startup_stm32h750xx.o(RESET) refers (Special) to heapauxi.o(.text) for __use_two_region_memory
    startup_stm32h750xx.o(RESET) refers to startup_stm32h750xx.o(STACK) for __initial_sp
    startup_stm32h750xx.o(RESET) refers to startup_stm32h750xx.o(.text) for Reset_Handler
    startup_stm32h750xx.o(RESET) refers to stm32h7xx_it.o(i.NMI_Handler) for NMI_Handler
    startup_stm32h750xx.o(RESET) refers to stm32h7xx_it.o(i.HardFault_Handler) for HardFault_Handler
    startup_stm32h750xx.o(RESET) refers to stm32h7xx_it.o(i.MemManage_Handler) for MemManage_Handler
    startup_stm32h750xx.o(RESET) refers to stm32h7xx_it.o(i.BusFault_Handler) for BusFault_Handler
    startup_stm32h750xx.o(RESET) refers to stm32h7xx_it.o(i.UsageFault_Handler) for UsageFault_Handler
    startup_stm32h750xx.o(RESET) refers to port.o(.emb_text) for SVC_Handler
    startup_stm32h750xx.o(RESET) refers to stm32h7xx_it.o(i.DebugMon_Handler) for DebugMon_Handler
    startup_stm32h750xx.o(RESET) refers to cmsis_os2.o(i.SysTick_Handler) for SysTick_Handler
    startup_stm32h750xx.o(RESET) refers to stm32h7xx_it.o(i.DMA1_Stream1_IRQHandler) for DMA1_Stream1_IRQHandler
    startup_stm32h750xx.o(RESET) refers to stm32h7xx_it.o(i.DMA1_Stream2_IRQHandler) for DMA1_Stream2_IRQHandler
    startup_stm32h750xx.o(RESET) refers to stm32h7xx_it.o(i.DMA1_Stream3_IRQHandler) for DMA1_Stream3_IRQHandler
    startup_stm32h750xx.o(RESET) refers to stm32h7xx_it.o(i.DMA1_Stream4_IRQHandler) for DMA1_Stream4_IRQHandler
    startup_stm32h750xx.o(RESET) refers to stm32h7xx_it.o(i.TIM1_UP_IRQHandler) for TIM1_UP_IRQHandler
    startup_stm32h750xx.o(RESET) refers to stm32h7xx_it.o(i.TIM2_IRQHandler) for TIM2_IRQHandler
    startup_stm32h750xx.o(RESET) refers to stm32h7xx_it.o(i.TIM3_IRQHandler) for TIM3_IRQHandler
    startup_stm32h750xx.o(RESET) refers to stm32h7xx_it.o(i.TIM4_IRQHandler) for TIM4_IRQHandler
    startup_stm32h750xx.o(RESET) refers to stm32h7xx_it.o(i.TIM8_UP_TIM13_IRQHandler) for TIM8_UP_TIM13_IRQHandler
    startup_stm32h750xx.o(RESET) refers to stm32h7xx_it.o(i.TIM5_IRQHandler) for TIM5_IRQHandler
    startup_stm32h750xx.o(RESET) refers to stm32h7xx_it.o(i.TIM7_IRQHandler) for TIM7_IRQHandler
    startup_stm32h750xx.o(RESET) refers to stm32h7xx_it.o(i.TIM15_IRQHandler) for TIM15_IRQHandler
    startup_stm32h750xx.o(.text) refers (Special) to heapauxi.o(.text) for __use_two_region_memory
    startup_stm32h750xx.o(.text) refers to system_stm32h7xx.o(i.SystemInit) for SystemInit
    startup_stm32h750xx.o(.text) refers to __main.o(!!!main) for __main
    startup_stm32h750xx.o(.text) refers to startup_stm32h750xx.o(HEAP) for Heap_Mem
    startup_stm32h750xx.o(.text) refers to startup_stm32h750xx.o(STACK) for Stack_Mem
    i2c_lcd.o(i.CLCD_I2C_BlinkOff) refers to i2c_lcd.o(i.CLCD_WriteI2C) for CLCD_WriteI2C
    i2c_lcd.o(i.CLCD_I2C_BlinkOn) refers to i2c_lcd.o(i.CLCD_WriteI2C) for CLCD_WriteI2C
    i2c_lcd.o(i.CLCD_I2C_Clear) refers to i2c_lcd.o(i.CLCD_WriteI2C) for CLCD_WriteI2C
    i2c_lcd.o(i.CLCD_I2C_Clear) refers to cmsis_os2.o(i.osDelay) for osDelay
    i2c_lcd.o(i.CLCD_I2C_CursorOff) refers to i2c_lcd.o(i.CLCD_WriteI2C) for CLCD_WriteI2C
    i2c_lcd.o(i.CLCD_I2C_CursorOn) refers to i2c_lcd.o(i.CLCD_WriteI2C) for CLCD_WriteI2C
    i2c_lcd.o(i.CLCD_I2C_Init) refers to cmsis_os2.o(i.osDelay) for osDelay
    i2c_lcd.o(i.CLCD_I2C_Init) refers to i2c_lcd.o(i.CLCD_WriteI2C) for CLCD_WriteI2C
    i2c_lcd.o(i.CLCD_I2C_ReturnHome) refers to i2c_lcd.o(i.CLCD_WriteI2C) for CLCD_WriteI2C
    i2c_lcd.o(i.CLCD_I2C_ReturnHome) refers to cmsis_os2.o(i.osDelay) for osDelay
    i2c_lcd.o(i.CLCD_I2C_SetCursor) refers to i2c_lcd.o(i.CLCD_WriteI2C) for CLCD_WriteI2C
    i2c_lcd.o(i.CLCD_I2C_WriteChar) refers to i2c_lcd.o(i.CLCD_WriteI2C) for CLCD_WriteI2C
    i2c_lcd.o(i.CLCD_I2C_WriteString) refers to i2c_lcd.o(i.CLCD_I2C_WriteChar) for CLCD_I2C_WriteChar
    i2c_lcd.o(i.CLCD_WriteI2C) refers to cmsis_os2.o(i.osDelay) for osDelay
    i2c_lcd.o(i.CLCD_WriteI2C) refers to stm32h7xx_hal_i2c.o(i.HAL_I2C_Master_Transmit) for HAL_I2C_Master_Transmit
    i2c_lcd.o(i.lcd_gotoxy) refers to i2c_lcd.o(i.CLCD_I2C_SetCursor) for CLCD_I2C_SetCursor
    i2c_lcd.o(i.lcd_gotoxy) refers to i2c_lcd.o(.bss) for .bss
    i2c_lcd.o(i.lcd_printBit) refers to i2c_lcd.o(i.CLCD_I2C_WriteString) for CLCD_I2C_WriteString
    i2c_lcd.o(i.lcd_printBit) refers to i2c_lcd.o(.bss) for .bss
    i2c_lcd.o(i.lcd_printFloat) refers to _printf_percent.o(.ARM.Collect$$_printf_percent$$00000000) for _printf_percent
    i2c_lcd.o(i.lcd_printFloat) refers to _printf_f.o(.ARM.Collect$$_printf_percent$$00000003) for _printf_f
[...]
    __aeabi_memset                           0x08000817   Thumb Code    16  aeabi_memset.o(.text)
    __aeabi_memclr4                          0x08000827   Thumb Code     0  rt_memclr_w.o(.text)
    __aeabi_memclr8                          0x08000827   Thumb Code     0  rt_memclr_w.o(.text)
    __rt_memclr_w                            0x08000827   Thumb Code    78  rt_memclr_w.o(.text)
    _memset_w                                0x0800082b   Thumb Code     0  rt_memclr_w.o(.text)
    __use_two_region_memory                  0x08000875   Thumb Code     2  heapauxi.o(.text)
    __rt_heap_escrow$2region                 0x08000877   Thumb Code     2  heapauxi.o(.text)
    __rt_heap_expand$2region                 0x08000879   Thumb Code     2  heapauxi.o(.text)
    __read_errno                             0x0800087b   Thumb Code    10  _rserrno.o(.text)
    __set_errno                              0x08000885   Thumb Code    12  _rserrno.o(.text)
    _printf_int_common                       0x08000891   Thumb Code   178  _printf_intcommon.o(.text)
    _printf_char_common                      0x0800094f   Thumb Code    32  _printf_char_common.o(.text)
    _sputc                                   0x08000975   Thumb Code    10  _sputc.o(.text)
    __aeabi_memclr                           0x0800097f   Thumb Code     0  rt_memclr.o(.text)
    __rt_memclr                              0x0800097f   Thumb Code    68  rt_memclr.o(.text)
    _memset                                  0x08000983   Thumb Code     0  rt_memclr.o(.text)
    __aeabi_errno_addr                       0x080009c5   Thumb Code     8  rt_errno_addr_intlibspace.o(.text)
    __errno$intlibspace                      0x080009c5   Thumb Code     0  rt_errno_addr_intlibspace.o(.text)
    __rt_errno_addr$intlibspace              0x080009c5   Thumb Code     0  rt_errno_addr_intlibspace.o(.text)
    __user_libspace                          0x080009cd   Thumb Code     8  libspace.o(.text)
    __user_perproc_libspace                  0x080009cd   Thumb Code     0  libspace.o(.text)
    __user_perthread_libspace                0x080009cd   Thumb Code     0  libspace.o(.text)
    __user_setup_stackheap                   0x080009d5   Thumb Code    74  sys_stackheap_outer.o(.text)
    exit                                     0x08000a1f   Thumb Code    18  exit.o(.text)
    _sys_exit                                0x08000a31   Thumb Code     8  sys_exit.o(.text)
    __I$use$semihosting                      0x08000a3d   Thumb Code     0  use_no_semi.o(.text)
    __use_no_semihosting_swi                 0x08000a3d   Thumb Code     2  use_no_semi.o(.text)
    __semihosting_library_function           0x08000a3f   Thumb Code     0  indicate_semi.o(.text)
    ADC_ConfigureBoostMode                   0x08000a41   Thumb Code   236  stm32h7xx_hal_adc.o(i.ADC_ConfigureBoostMode)
    ADC_DMAConvCplt                          0x08000b49   Thumb Code   104  stm32h7xx_hal_adc.o(i.ADC_DMAConvCplt)
    ADC_DMAError                             0x08000bb1   Thumb Code    26  stm32h7xx_hal_adc.o(i.ADC_DMAError)
    ADC_DMAHalfConvCplt                      0x08000bcb   Thumb Code    10  stm32h7xx_hal_adc.o(i.ADC_DMAHalfConvCplt)
    ADC_Enable                               0x08000bd5   Thumb Code   148  stm32h7xx_hal_adc.o(i.ADC_Enable)
    BusFault_Handler                         0x08000c7d   Thumb Code     2  stm32h7xx_it.o(i.BusFault_Handler)
    CLCD_I2C_Clear                           0x08000c7f   Thumb Code    20  i2c_lcd.o(i.CLCD_I2C_Clear)
    CLCD_I2C_Init                            0x08000c93   Thumb Code   172  i2c_lcd.o(i.CLCD_I2C_Init)
    CLCD_I2C_SetCursor                       0x08000d3f   Thumb Code    68  i2c_lcd.o(i.CLCD_I2C_SetCursor)
    CLCD_I2C_WriteChar                       0x08000d83   Thumb Code     6  i2c_lcd.o(i.CLCD_I2C_WriteChar)
    CLCD_I2C_WriteString                     0x08000d89   Thumb Code    24  i2c_lcd.o(i.CLCD_I2C_WriteString)
    DMA1_Stream1_IRQHandler                  0x08000e0d   Thumb Code     6  stm32h7xx_it.o(i.DMA1_Stream1_IRQHandler)
    DMA1_Stream2_IRQHandler                  0x08000e19   Thumb Code    94  stm32h7xx_it.o(i.DMA1_Stream2_IRQHandler)
    DMA1_Stream3_IRQHandler                  0x08000e95   Thumb Code    42  stm32h7xx_it.o(i.DMA1_Stream3_IRQHandler)
    DMA1_Stream4_IRQHandler                  0x08000ecd   Thumb Code     6  stm32h7xx_it.o(i.DMA1_Stream4_IRQHandler)
    DebugMon_Handler                         0x08001311   Thumb Code     2  stm32h7xx_it.o(i.DebugMon_Handler)
    Error_Handler                            0x08001313   Thumb Code     4  main.o(i.Error_Handler)
    HAL_ADCEx_MultiModeConfigChannel         0x080014e1   Thumb Code   274  stm32h7xx_hal_adc_ex.o(i.HAL_ADCEx_MultiModeConfigChannel)
    HAL_ADC_ConfigChannel                    0x08001609   Thumb Code   946  stm32h7xx_hal_adc.o(i.HAL_ADC_ConfigChannel)
    HAL_ADC_ConvCpltCallback                 0x08001a29   Thumb Code     2  stm32h7xx_hal_adc.o(i.HAL_ADC_ConvCpltCallback)
    HAL_ADC_ConvHalfCpltCallback             0x08001a2b   Thumb Code     2  stm32h7xx_hal_adc.o(i.HAL_ADC_ConvHalfCpltCallback)
    HAL_ADC_ErrorCallback                    0x08001a2d   Thumb Code     2  stm32h7xx_hal_adc.o(i.HAL_ADC_ErrorCallback)
    HAL_ADC_Init                             0x08001a31   Thumb Code   498  stm32h7xx_hal_adc.o(i.HAL_ADC_Init)
    HAL_ADC_MspInit                          0x08001c59   Thumb Code   248  stm32h7xx_hal_msp.o(i.HAL_ADC_MspInit)
    HAL_ADC_Start_DMA                        0x08001d6d   Thumb Code   230  stm32h7xx_hal_adc.o(i.HAL_ADC_Start_DMA)
    HAL_DMA_IRQHandler                       0x08001e75   Thumb Code  1756  stm32h7xx_hal_dma.o(i.HAL_DMA_IRQHandler)
    HAL_DMA_Init                             0x0800255d   Thumb Code   926  stm32h7xx_hal_dma.o(i.HAL_DMA_Init)
    HAL_DMA_Start_IT                         0x08002921   Thumb Code   628  stm32h7xx_hal_dma.o(i.HAL_DMA_Start_IT)
    HAL_Delay                                0x08002bbd   Thumb Code    32  stm32h7xx_hal.o(i.HAL_Delay)
    HAL_FDCAN_Init                           0x08002be1   Thumb Code   572  stm32h7xx_hal_fdcan.o(i.HAL_FDCAN_Init)
    HAL_FDCAN_MspInit                        0x08002e25   Thumb Code   236  stm32h7xx_hal_msp.o(i.HAL_FDCAN_MspInit)
    HAL_GPIO_Init                            0x08002f29   Thumb Code   506  stm32h7xx_hal_gpio.o(i.HAL_GPIO_Init)
    HAL_GPIO_ReadPin                         0x08003155   Thumb Code    10  stm32h7xx_hal_gpio.o(i.HAL_GPIO_ReadPin)
    HAL_GPIO_TogglePin                       0x0800315f   Thumb Code    16  stm32h7xx_hal_gpio.o(i.HAL_GPIO_TogglePin)
    HAL_GPIO_WritePin                        0x0800316f   Thumb Code    10  stm32h7xx_hal_gpio.o(i.HAL_GPIO_WritePin)
    HAL_GetREVID                             0x08003179   Thumb Code     8  stm32h7xx_hal.o(i.HAL_GetREVID)
    HAL_GetTick                              0x08003185   Thumb Code     6  stm32h7xx_hal.o(i.HAL_GetTick)
    HAL_I2CEx_ConfigAnalogFilter             0x08003191   Thumb Code    88  stm32h7xx_hal_i2c_ex.o(i.HAL_I2CEx_ConfigAnalogFilter)
    HAL_I2CEx_ConfigDigitalFilter            0x080031e9   Thumb Code    84  stm32h7xx_hal_i2c_ex.o(i.HAL_I2CEx_ConfigDigitalFilter)
    HAL_I2C_Init                             0x0800323d   Thumb Code   186  stm32h7xx_hal_i2c.o(i.HAL_I2C_Init)
    HAL_I2C_Master_Transmit                  0x080032fd   Thumb Code   324  stm32h7xx_hal_i2c.o(i.HAL_I2C_Master_Transmit)
    HAL_I2C_MspInit                          0x08003449   Thumb Code   300  stm32h7xx_hal_msp.o(i.HAL_I2C_MspInit)
    HAL_IncTick                              0x08003595   Thumb Code    12  stm32h7xx_hal.o(i.HAL_IncTick)
    HAL_Init                                 0x080035a5   Thumb Code    74  stm32h7xx_hal.o(i.HAL_Init)
    HAL_InitTick                             0x08003601   Thumb Code   120  stm32h7xx_hal_timebase_tim.o(i.HAL_InitTick)
    HAL_MPU_ConfigRegion                     0x0800368d   Thumb Code    86  stm32h7xx_hal_cortex.o(i.HAL_MPU_ConfigRegion)
    HAL_MPU_Disable                          0x080036e9   Thumb Code    24  stm32h7xx_hal_cortex.o(i.HAL_MPU_Disable)
    HAL_MPU_Enable                           0x08003705   Thumb Code    30  stm32h7xx_hal_cortex.o(i.HAL_MPU_Enable)
    HAL_MspInit                              0x08003729   Thumb Code    32  stm32h7xx_hal_msp.o(i.HAL_MspInit)
    HAL_NVIC_DisableIRQ                      0x0800374d   Thumb Code    34  stm32h7xx_hal_cortex.o(i.HAL_NVIC_DisableIRQ)
    HAL_NVIC_EnableIRQ                       0x0800376f   Thumb Code    26  stm32h7xx_hal_cortex.o(i.HAL_NVIC_EnableIRQ)
    HAL_NVIC_SetPriority                     0x08003789   Thumb Code    60  stm32h7xx_hal_cortex.o(i.HAL_NVIC_SetPriority)
    HAL_NVIC_SetPriorityGrouping             0x080037c9   Thumb Code    28  stm32h7xx_hal_cortex.o(i.HAL_NVIC_SetPriorityGrouping)
    HAL_PWREx_ConfigSupply                   0x080037ed   Thumb Code    78  stm32h7xx_hal_pwr_ex.o(i.HAL_PWREx_ConfigSupply)
    HAL_RCCEx_GetD3PCLK1Freq                 0x08003841   Thumb Code    26  stm32h7xx_hal_rcc_ex.o(i.HAL_RCCEx_GetD3PCLK1Freq)
    HAL_RCCEx_GetPLL1ClockFreq               0x08003865   Thumb Code   298  stm32h7xx_hal_rcc_ex.o(i.HAL_RCCEx_GetPLL1ClockFreq)
    HAL_RCCEx_GetPLL2ClockFreq               0x080039ad   Thumb Code   296  stm32h7xx_hal_rcc_ex.o(i.HAL_RCCEx_GetPLL2ClockFreq)
    HAL_RCCEx_GetPLL3ClockFreq               0x08003af1   Thumb Code   296  stm32h7xx_hal_rcc_ex.o(i.HAL_RCCEx_GetPLL3ClockFreq)
    HAL_RCCEx_GetPeriphCLKFreq               0x08003c35   Thumb Code   692  stm32h7xx_hal_rcc_ex.o(i.HAL_RCCEx_GetPeriphCLKFreq)
    HAL_RCCEx_PeriphCLKConfig                0x08003efd   Thumb Code  2472  stm32h7xx_hal_rcc_ex.o(i.HAL_RCCEx_PeriphCLKConfig)
    HAL_RCC_ClockConfig                      0x080048a9   Thumb Code   580  stm32h7xx_hal_rcc.o(i.HAL_RCC_ClockConfig)
    HAL_RCC_GetClockConfig                   0x08004b05   Thumb Code    84  stm32h7xx_hal_rcc.o(i.HAL_RCC_GetClockConfig)
    HAL_RCC_GetHCLKFreq                      0x08004b61   Thumb Code    52  stm32h7xx_hal_rcc.o(i.HAL_RCC_GetHCLKFreq)
    HAL_RCC_GetPCLK1Freq                     0x08004ba5   Thumb Code    26  stm32h7xx_hal_rcc.o(i.HAL_RCC_GetPCLK1Freq)
    HAL_RCC_GetPCLK2Freq                     0x08004bc9   Thumb Code    26  stm32h7xx_hal_rcc.o(i.HAL_RCC_GetPCLK2Freq)
    HAL_RCC_GetSysClockFreq                  0x08004bed   Thumb Code   278  stm32h7xx_hal_rcc.o(i.HAL_RCC_GetSysClockFreq)
    HAL_RCC_OscConfig                        0x08004d25   Thumb Code  1410  stm32h7xx_hal_rcc.o(i.HAL_RCC_OscConfig)
    HAL_SPI_Init                             0x080052a9   Thumb Code   366  stm32h7xx_hal_spi.o(i.HAL_SPI_Init)
    HAL_SPI_MspInit                          0x08005425   Thumb Code   120  stm32h7xx_hal_msp.o(i.HAL_SPI_MspInit)
    HAL_TIMEx_Break2Callback                 0x080054a9   Thumb Code     2  stm32h7xx_hal_tim_ex.o(i.HAL_TIMEx_Break2Callback)
    HAL_TIMEx_BreakCallback                  0x080054ab   Thumb Code     2  stm32h7xx_hal_tim_ex.o(i.HAL_TIMEx_BreakCallback)
    HAL_TIMEx_CommutCallback                 0x080054ad   Thumb Code     2  stm32h7xx_hal_tim_ex.o(i.HAL_TIMEx_CommutCallback)
    HAL_TIMEx_MasterConfigSynchronization    0x080054b1   Thumb Code   134  stm32h7xx_hal_tim_ex.o(i.HAL_TIMEx_MasterConfigSynchronization)
    HAL_TIM_Base_Init                        0x08005555   Thumb Code    98  stm32h7xx_hal_tim.o(i.HAL_TIM_Base_Init)
    HAL_TIM_Base_MspInit                     0x080055b9   Thumb Code    72  stm32h7xx_hal_msp.o(i.HAL_TIM_Base_MspInit)
    HAL_TIM_Base_Start_IT                    0x0800560d   Thumb Code   106  stm32h7xx_hal_tim.o(i.HAL_TIM_Base_Start_IT)
    HAL_TIM_ConfigClockSource                0x08005699   Thumb Code   248  stm32h7xx_hal_tim.o(i.HAL_TIM_ConfigClockSource)
    HAL_TIM_Encoder_Init                     0x08005795   Thumb Code   182  stm32h7xx_hal_tim.o(i.HAL_TIM_Encoder_Init)
    HAL_TIM_Encoder_MspInit                  0x08005851   Thumb Code   498  stm32h7xx_hal_msp.o(i.HAL_TIM_Encoder_MspInit)
    HAL_TIM_Encoder_Start                    0x08005a75   Thumb Code   142  stm32h7xx_hal_tim.o(i.HAL_TIM_Encoder_Start)
    HAL_TIM_IC_CaptureCallback               0x08005b03   Thumb Code     2  stm32h7xx_hal_tim.o(i.HAL_TIM_IC_CaptureCallback)
    HAL_TIM_IRQHandler                       0x08005b05   Thumb Code   328  stm32h7xx_hal_tim.o(i.HAL_TIM_IRQHandler)
    HAL_TIM_MspPostInit                      0x08005c4d   Thumb Code    68  stm32h7xx_hal_msp.o(i.HAL_TIM_MspPostInit)
    HAL_TIM_OC_DelayElapsedCallback          0x08005c9d   Thumb Code     2  stm32h7xx_hal_tim.o(i.HAL_TIM_OC_DelayElapsedCallback)
    HAL_TIM_PWM_ConfigChannel                0x08005c9f   Thumb Code   292  stm32h7xx_hal_tim.o(i.HAL_TIM_PWM_ConfigChannel)
    HAL_TIM_PWM_Init                         0x08005dc3   Thumb Code    98  stm32h7xx_hal_tim.o(i.HAL_TIM_PWM_Init)
    HAL_TIM_PWM_MspInit                      0x08005e25   Thumb Code    30  stm32h7xx_hal_msp.o(i.HAL_TIM_PWM_MspInit)
    HAL_TIM_PWM_PulseFinishedCallback        0x08005e4d   Thumb Code     2  stm32h7xx_hal_tim.o(i.HAL_TIM_PWM_PulseFinishedCallback)
    HAL_TIM_PWM_Start                        0x08005e51   Thumb Code   232  stm32h7xx_hal_tim.o(i.HAL_TIM_PWM_Start)
    HAL_TIM_PeriodElapsedCallback            0x08005f61   Thumb Code    14  main.o(i.HAL_TIM_PeriodElapsedCallback)
    HAL_TIM_TriggerCallback                  0x08005f75   Thumb Code     2  stm32h7xx_hal_tim.o(i.HAL_TIM_TriggerCallback)
    HAL_UARTEx_DisableFifoMode               0x08005f77   Thumb Code    64  stm32h7xx_hal_uart_ex.o(i.HAL_UARTEx_DisableFifoMode)
    HAL_UARTEx_RxEventCallback               0x08005fb7   Thumb Code     2  stm32h7xx_hal_uart.o(i.HAL_UARTEx_RxEventCallback)
    HAL_UARTEx_SetRxFifoThreshold            0x08005fb9   Thumb Code    76  stm32h7xx_hal_uart_ex.o(i.HAL_UARTEx_SetRxFifoThreshold)
    HAL_UARTEx_SetTxFifoThreshold            0x08006005   Thumb Code    76  stm32h7xx_hal_uart_ex.o(i.HAL_UARTEx_SetTxFifoThreshold)
    HAL_UART_ErrorCallback                   0x08006051   Thumb Code     2  stm32h7xx_hal_uart.o(i.HAL_UART_ErrorCallback)
    HAL_UART_Init                            0x08006053   Thumb Code   106  stm32h7xx_hal_uart.o(i.HAL_UART_Init)
    HAL_UART_MspInit                         0x080060bd   Thumb Code   944  stm32h7xx_hal_msp.o(i.HAL_UART_MspInit)
    HAL_UART_Receive_DMA                     0x080064b1   Thumb Code    66  stm32h7xx_hal_uart.o(i.HAL_UART_Receive_DMA)
    HAL_UART_RxCpltCallback                  0x080064f9   Thumb Code     2  stm32h7xx_hal_uart.o(i.HAL_UART_RxCpltCallback)
    HAL_UART_RxHalfCpltCallback              0x080064fb   Thumb Code     2  stm32h7xx_hal_uart.o(i.HAL_UART_RxHalfCpltCallback)
    HAL_UART_Transmit                        0x080064fd   Thumb Code   176  stm32h7xx_hal_uart.o(i.HAL_UART_Transmit)
    HAL_UART_Transmit_DMA                    0x080065ad   Thumb Code   132  stm32h7xx_hal_uart.o(i.HAL_UART_Transmit_DMA)
    HAL_UART_TxCpltCallback                  0x0800663d   Thumb Code     2  stm32h7xx_hal_uart.o(i.HAL_UART_TxCpltCallback)
    HAL_UART_TxHalfCpltCallback              0x0800663f   Thumb Code     2  stm32h7xx_hal_uart.o(i.HAL_UART_TxHalfCpltCallback)
    HardFault_Handler                        0x08006641   Thumb Code     2  stm32h7xx_it.o(i.HardFault_Handler)
    MemManage_Handler                        0x08007491   Thumb Code     2  stm32h7xx_it.o(i.MemManage_Handler)
    NMI_Handler                              0x08007493   Thumb Code     2  stm32h7xx_it.o(i.NMI_Handler)
    PeriphCommonClock_Config                 0x08007495   Thumb Code    72  main.o(i.PeriphCommonClock_Config)
    StartADCTask04                           0x0800771d   Thumb Code    12  main.o(i.StartADCTask04)
    StartLCDTask05                           0x08007729   Thumb Code    68  main.o(i.StartLCDTask05)
    StartMainTask                            0x0800777d   Thumb Code    74  main.o(i.StartMainTask)
    StartSensorTask02                        0x080077d5   Thumb Code    28  main.o(i.StartSensorTask02)
    StartSwerveTask03                        0x080077f5   Thumb Code     8  main.o(i.StartSwerveTask03)
    SysTick_Handler                          0x080077fd   Thumb Code    26  cmsis_os2.o(i.SysTick_Handler)
    SystemClock_Config                       0x08007819   Thumb Code   158  main.o(i.SystemClock_Config)
    SystemInit                               0x080078c1   Thumb Code   180  system_stm32h7xx.o(i.SystemInit)
    TIM15_IRQHandler                         0x0800799d   Thumb Code     6  stm32h7xx_it.o(i.TIM15_IRQHandler)
    TIM1_UP_IRQHandler                       0x080079a9   Thumb Code    50  stm32h7xx_it.o(i.TIM1_UP_IRQHandler)
    TIM2_IRQHandler                          0x080079e5   Thumb Code    50  stm32h7xx_it.o(i.TIM2_IRQHandler)
    TIM3_IRQHandler                          0x08007a21   Thumb Code    50  stm32h7xx_it.o(i.TIM3_IRQHandler)
    TIM4_IRQHandler                          0x08007a5d   Thumb Code    50  stm32h7xx_it.o(i.TIM4_IRQHandler)
    TIM5_IRQHandler                          0x08007a99   Thumb Code    50  stm32h7xx_it.o(i.TIM5_IRQHandler)
    TIM7_IRQHandler                          0x08007ad5   Thumb Code    16  stm32h7xx_it.o(i.TIM7_IRQHandler)
    TIM8_UP_TIM13_IRQHandler                 0x08007ae9   Thumb Code    50  stm32h7xx_it.o(i.TIM8_UP_TIM13_IRQHandler)
    TIM_Base_SetConfig                       0x08007b25   Thumb Code   170  stm32h7xx_hal_tim.o(i.TIM_Base_SetConfig)
    TIM_CCxChannelCmd                        0x08007bf1   Thumb Code    26  stm32h7xx_hal_tim.o(i.TIM_CCxChannelCmd)
    TIM_ETR_SetConfig                        0x08007c0b   Thumb Code    18  stm32h7xx_hal_tim.o(i.TIM_ETR_SetConfig)
    TIM_OC2_SetConfig                        0x08007cd5   Thumb Code   126  stm32h7xx_hal_tim.o(i.TIM_OC2_SetConfig)
    TungKhongQuyDoi                          0x08007fad   Thumb Code    26  main.o(i.TungKhongQuyDoi)
    UART_AdvFeatureConfig                    0x08008015   Thumb Code   200  stm32h7xx_hal_uart.o(i.UART_AdvFeatureConfig)
    UART_CheckIdleState                      0x080080dd   Thumb Code   170  stm32h7xx_hal_uart.o(i.UART_CheckIdleState)
    UART_SetConfig                           0x08008345   Thumb Code   876  stm32h7xx_hal_uart.o(i.UART_SetConfig)
    UART_Start_Receive_DMA                   0x080086f1   Thumb Code   156  stm32h7xx_hal_uart.o(i.UART_Start_Receive_DMA)
    UART_WaitOnFlagUntilTimeout              0x08008799   Thumb Code   148  stm32h7xx_hal_uart.o(i.UART_WaitOnFlagUntilTimeout)
    UsageFault_Handler                       0x0800882d   Thumb Code     2  stm32h7xx_it.o(i.UsageFault_Handler)
    __ARM_fpclassify                         0x0800882f   Thumb Code    48  fpclassify.o(i.__ARM_fpclassify)
    __hardfp_atan                            0x08008881   Thumb Code   402  atan.o(i.__hardfp_atan)
    __hardfp_atan2                           0x08008a81   Thumb Code   392  atan2.o(i.__hardfp_atan2)
    __hardfp_sqrt                            0x08008c49   Thumb Code   102  sqrt.o(i.__hardfp_sqrt)
    __kernel_poly                            0x08008caf   Thumb Code   112  poly.o(i.__kernel_poly)
    __mathlib_dbl_infnan                     0x08008d1f   Thumb Code     6  dunder.o(i.__mathlib_dbl_infnan)
    __mathlib_dbl_infnan2                    0x08008d25   Thumb Code     6  dunder.o(i.__mathlib_dbl_infnan2)
    __mathlib_dbl_underflow                  0x08008d31   Thumb Code    10  dunder.o(i.__mathlib_dbl_underflow)
    _is_digit                                0x08008d49   Thumb Code    14  __printf_wp.o(i._is_digit)
    atan                                     0x08008d57   Thumb Code    16  atan.o(i.atan)
    calculateJoystickOutput                  0x08008d69   Thumb Code    82  main.o(i.calculateJoystickOutput)
    controlMotor                             0x08008dc9   Thumb Code   114  main.o(i.controlMotor)
    en_10hRo                                 0x08008e4d   Thumb Code    14  main.o(i.en_10hRo)
    en_2hRo                                  0x08008e61   Thumb Code     8  main.o(i.en_2hRo)
    en_4hRo                                  0x08008e6d   Thumb Code    14  main.o(i.en_4hRo)
    en_8hRo                                  0x08008e81   Thumb Code     8  main.o(i.en_8hRo)
    en_Chay2h                                0x08008e8d   Thumb Code    14  main.o(i.en_Chay2h)
    en_mamXoay                               0x08008ea1   Thumb Code     8  main.o(i.en_mamXoay)
    fabs                                     0x08008ead   Thumb Code    24  fabs.o(i.fabs)
    get_Gamepad_Bluetouch                    0x08008ec5   Thumb Code    58  main.o(i.get_Gamepad_Bluetouch)
    lcdViewer                                0x08008f05   Thumb Code   644  main.o(i.lcdViewer)
    lcd_printInt                             0x08009221   Thumb Code    38  i2c_lcd.o(i.lcd_printInt)
    lcd_printStr                             0x08009255   Thumb Code    26  i2c_lcd.o(i.lcd_printStr)
    main                                     0x08009275   Thumb Code   574  main.o(i.main)
    osDelay                                  0x080094f9   Thumb Code    28  cmsis_os2.o(i.osDelay)
    osKernelInitialize                       0x08009515   Thumb Code    32  cmsis_os2.o(i.osKernelInitialize)
    osKernelStart                            0x08009539   Thumb Code    48  cmsis_os2.o(i.osKernelStart)
    osThreadNew                              0x08009571   Thumb Code   144  cmsis_os2.o(i.osThreadNew)
    putchar4                                 0x08009d99   Thumb Code    18  ala_config.o(i.putchar4)
    pvPortMalloc                             0x08009db1   Thumb Code   216  heap_4.o(i.pvPortMalloc)
    pxPortInitialiseStack                    0x08009e8d   Thumb Code    42  port.o(i.pxPortInitialiseStack)
    quyDoiEncoder                            0x08009ebd   Thumb Code    26  main.o(i.quyDoiEncoder)
    run_read_gyro_uart4                      0x08009ee1   Thumb Code    46  ala_config.o(i.run_read_gyro_uart4)
    sendData_Gamepad_Grygo                   0x08009f0f   Thumb Code     6  ala_config.o(i.sendData_Gamepad_Grygo)
    setMotorBackward                         0x08009f15   Thumb Code    14  main.o(i.setMotorBackward)
    setMotorForward                          0x08009f29   Thumb Code    14  main.o(i.setMotorForward)
    update_encoder_value                     0x08009f3d   Thumb Code   242  main.o(i.update_encoder_value)
    uxListRemove                             0x0800a049   Thumb Code    38  list.o(i.uxListRemove)
    vApplicationGetIdleTaskMemory            0x0800a071   Thumb Code    18  cmsis_os2.o(i.vApplicationGetIdleTaskMemory)
    vApplicationGetTimerTaskMemory           0x0800a089   Thumb Code    20  cmsis_os2.o(i.vApplicationGetTimerTaskMemory)
    vListInitialise                          0x0800a0a1   Thumb Code    22  list.o(i.vListInitialise)
    vListInitialiseItem                      0x0800a0b7   Thumb Code     6  list.o(i.vListInitialiseItem)
    vListInsert                              0x0800a0bd   Thumb Code    48  list.o(i.vListInsert)
    vListInsertEnd                           0x0800a0ed   Thumb Code    24  list.o(i.vListInsertEnd)
    vPortEnterCritical                       0x0800a105   Thumb Code    54  port.o(i.vPortEnterCritical)
    vPortExitCritical                        0x0800a145   Thumb Code    34  port.o(i.vPortExitCritical)
    vPortFree                                0x0800a16d   Thumb Code    94  heap_4.o(i.vPortFree)
    vPortSetupTimerInterrupt                 0x0800a1d1   Thumb Code    32  port.o(i.vPortSetupTimerInterrupt)
    vPortValidateInterruptPriority           0x0800a1f5   Thumb Code    74  port.o(i.vPortValidateInterruptPriority)
    vQueueAddToRegistry                      0x0800a249   Thumb Code    34  queue.o(i.vQueueAddToRegistry)
    vQueueWaitForMessageRestricted           0x0800a271   Thumb Code    68  queue.o(i.vQueueWaitForMessageRestricted)
    vTaskDelay                               0x0800a2b5   Thumb Code    66  tasks.o(i.vTaskDelay)
    vTaskInternalSetTimeOutState             0x0800a301   Thumb Code    12  tasks.o(i.vTaskInternalSetTimeOutState)
    vTaskMissedYield                         0x0800a311   Thumb Code     8  tasks.o(i.vTaskMissedYield)
    vTaskPlaceOnEventList                    0x0800a31d   Thumb Code    44  tasks.o(i.vTaskPlaceOnEventList)
    vTaskPlaceOnEventListRestricted          0x0800a34d   Thumb Code    52  tasks.o(i.vTaskPlaceOnEventListRestricted)
    vTaskStartScheduler                      0x0800a385   Thumb Code   118  tasks.o(i.vTaskStartScheduler)
    vTaskSuspendAll                          0x0800a40d   Thumb Code    10  tasks.o(i.vTaskSuspendAll)
    vTaskSwitchContext                       0x0800a41d   Thumb Code    90  tasks.o(i.vTaskSwitchContext)
    xPortStartScheduler                      0x0800a481   Thumb Code   222  port.o(i.xPortStartScheduler)
    xPortSysTickHandler                      0x0800a575   Thumb Code    38  port.o(i.xPortSysTickHandler)
    xQueueGenericCreateStatic                0x0800a5a1   Thumb Code   102  queue.o(i.xQueueGenericCreateStatic)
    xQueueGenericReset                       0x0800a609   Thumb Code   144  queue.o(i.xQueueGenericReset)
    xQueueGenericSend                        0x0800a69d   Thumb Code   346  queue.o(i.xQueueGenericSend)
    xQueueGenericSendFromISR                 0x0800a7fd   Thumb Code   190  queue.o(i.xQueueGenericSendFromISR)
    xQueueReceive                            0x0800a8bd   Thumb Code   310  queue.o(i.xQueueReceive)
    xTaskCheckForTimeOut                     0x0800a9f9   Thumb Code   116  tasks.o(i.xTaskCheckForTimeOut)
    xTaskCreate                              0x0800aa71   Thumb Code    90  tasks.o(i.xTaskCreate)
    xTaskCreateStatic                        0x0800aacb   Thumb Code    86  tasks.o(i.xTaskCreateStatic)
    xTaskGetSchedulerState                   0x0800ab21   Thumb Code    22  tasks.o(i.xTaskGetSchedulerState)
    xTaskGetTickCount                        0x0800ab3d   Thumb Code     6  tasks.o(i.xTaskGetTickCount)
    xTaskIncrementTick                       0x0800ab49   Thumb Code   192  tasks.o(i.xTaskIncrementTick)
    xTaskPriorityDisinherit                  0x0800ac11   Thumb Code   116  tasks.o(i.xTaskPriorityDisinherit)
    xTaskRemoveFromEventList                 0x0800ac8d   Thumb Code   100  tasks.o(i.xTaskRemoveFromEventList)
    xTaskResumeAll                           0x0800acfd   Thumb Code   184  tasks.o(i.xTaskResumeAll)
    xTimerCreateTimerTask                    0x0800adc1   Thumb Code    78  timers.o(i.xTimerCreateTimerTask)
    xTimerGenericCommand                     0x0800ae21   Thumb Code    98  timers.o(i.xTimerGenericCommand)
    _fp_init                                 0x0800ae89   Thumb Code    10  fpinit.o(x$fpl$fpinit)
    __fplib_config_fpu_vfp                   0x0800ae91   Thumb Code     0  fpinit.o(x$fpl$fpinit)
    __fplib_config_pureend_doubles           0x0800ae91   Thumb Code     0  fpinit.o(x$fpl$fpinit)
    __I$use$fp                               0x0800ae92   Number         0  usenofp.o(x$fpl$usenofp)
    mainTask_attributes                      0x0800ae94   Data          36  main.o(.constdata)
    sensorTask02_attributes                  0x0800aeb8   Data          36  main.o(.constdata)
    swerveTask03_attributes                  0x0800aedc   Data          36  main.o(.constdata)
    ADCTask04_attributes                     0x0800af00   Data          36  main.o(.constdata)
    LCDTask05_attributes                     0x0800af24   Data          36  main.o(.constdata)
    UARTPrescTable                           0x0800afac   Data          24  stm32h7xx_hal_uart.o(.constdata)
    D1CorePrescTable                         0x0800afd4   Data          16  system_stm32h7xx.o(.constdata)
    __mathlib_zero                           0x0800b090   Data           8  qnan.o(.constdata)
    Region$$Table$$Base                      0x0800b0dc   Number         0  anon$$obj.o(Region$$Table)
    Region$$Table$$Limit                     0x0800b0fc   Number         0  anon$$obj.o(Region$$Table)
    motorData                                0x24000000   Data          80  ala_config.o(.data)
    num_over_t1                              0x24000050   Data           4  ala_config.o(.data)
    num_over_t2                              0x24000054   Data           4  ala_config.o(.data)
    num_over_t3                              0x24000058   Data           4  ala_config.o(.data)
    num_over_t4                              0x2400005c   Data           4  ala_config.o(.data)
    num_over_t5                              0x24000060   Data           4  ala_config.o(.data)
    num_over_t8                              0x24000064   Data           4  ala_config.o(.data)
    first_run_yaw                            0x24000068   Data           1  main.o(.data)
    bit_veHome                               0x24000069   Data           1  main.o(.data)
    modeLCD_Show                             0x2400006a   Data           1  main.o(.data)
    accumulated_yaw                          0x2400006c   Data           2  main.o(.data)
    previous_yaw                             0x2400006e   Data           2  main.o(.data)
    encoder_count_T1                         0x24000070   Data           2  main.o(.data)
    encoder_count_T2                         0x24000072   Data           2  main.o(.data)
    encoder_count_T3                         0x24000074   Data           2  main.o(.data)
    encoder_count_T4                         0x24000076   Data           2  main.o(.data)
    encoder_count_T5                         0x24000078   Data           2  main.o(.data)
    encoder_count_T8                         0x2400007a   Data           2  main.o(.data)
    prev_encoder_count_T1                    0x2400007c   Data           2  main.o(.data)
    prev_encoder_count_T2                    0x2400007e   Data           2  main.o(.data)
    prev_encoder_count_T3                    0x24000080   Data           2  main.o(.data)
    prev_encoder_count_T4                    0x24000082   Data           2  main.o(.data)
    prev_encoder_count_T5                    0x24000084   Data           2  main.o(.data)
    prev_encoder_count_T8                    0x24000086   Data           2  main.o(.data)
    ball_x                                   0x24000088   Data           2  main.o(.data)
    ball_y                                   0x2400008a   Data           2  main.o(.data)
    hoop_x                                   0x2400008c   Data           2  main.o(.data)
    hoop_y                                   0x2400008e   Data           2  main.o(.data)
    speedGocQuay2h                           0x24000090   Data           4  main.o(.data)
    erGocQuay2h                              0x24000094   Data           4  main.o(.data)
    lastErGocQuay2h                          0x24000098   Data           4  main.o(.data)
    KdGocQuay2h                              0x2400009c   Data           4  main.o(.data)
    KiGocQuay2h                              0x240000a0   Data           4  main.o(.data)
    KpGocQuay2h                              0x240000a4   Data           4  main.o(.data)
    speedGocQuay4h                           0x240000a8   Data           4  main.o(.data)
    erGocQuay4h                              0x240000ac   Data           4  main.o(.data)
    lastErGocQuay4h                          0x240000b0   Data           4  main.o(.data)
    KdGocQuay4h                              0x240000b4   Data           4  main.o(.data)
    KiGocQuay4h                              0x240000b8   Data           4  main.o(.data)
    KpGocQuay4h                              0x240000bc   Data           4  main.o(.data)
    speedGocQuay8h                           0x240000c0   Data           4  main.o(.data)
    erGocQuay8h                              0x240000c4   Data           4  main.o(.data)
    lastErGocQuay8h                          0x240000c8   Data           4  main.o(.data)
    KdGocQuay8h                              0x240000cc   Data           4  main.o(.data)
    KiGocQuay8h                              0x240000d0   Data           4  main.o(.data)
    KpGocQuay8h                              0x240000d4   Data           4  main.o(.data)
    speedGocQuay10h                          0x240000d8   Data           4  main.o(.data)
    erGocQuay10h                             0x240000dc   Data           4  main.o(.data)
    lastErGocQuay10h                         0x240000e0   Data           4  main.o(.data)
    KdGocQuay10h                             0x240000e4   Data           4  main.o(.data)
    KiGocQuay10h                             0x240000e8   Data           4  main.o(.data)
    KpGocQuay10h                             0x240000ec   Data           4  main.o(.data)
    angle                                    0x240000f0   Data           4  main.o(.data)
    magnitude                                0x240000f4   Data           4  main.o(.data)
    encoder_value_T1                         0x240000f8   Data           4  main.o(.data)
    encoder_value_T2                         0x240000fc   Data           4  main.o(.data)
    encoder_value_T3                         0x24000100   Data           4  main.o(.data)
    encoder_value_T4                         0x24000104   Data           4  main.o(.data)
    encoder_value_T5                         0x24000108   Data           4  main.o(.data)
    encoder_value_T8                         0x2400010c   Data           4  main.o(.data)
    current                                  0x24000110   Data           4  main.o(.data)
    error                                    0x24000114   Data           4  main.o(.data)
    speed                                    0x24000118   Data           4  main.o(.data)
    error2                                   0x2400011c   Data           4  main.o(.data)
    current2                                 0x24000120   Data           4  main.o(.data)
    speed2                                   0x24000124   Data           4  main.o(.data)
    IMU_china                                0x24000130   Data           4  main.o(.data)
    mainTaskHandle                           0x24000134   Data           4  main.o(.data)
    sensorTask02Handle                       0x24000138   Data           4  main.o(.data)
    swerveTask03Handle                       0x2400013c   Data           4  main.o(.data)
    ADCTask04Handle                          0x24000140   Data           4  main.o(.data)
    LCDTask05Handle                          0x24000144   Data           4  main.o(.data)
    MANG_GAME                                0x24000148   Data           8  main.o(.data)
    uwTickFreq                               0x24000158   Data           1  stm32h7xx_hal.o(.data)
    uwTickPrio                               0x2400015c   Data           4  stm32h7xx_hal.o(.data)
    uwTick                                   0x24000160   Data           4  stm32h7xx_hal.o(.data)
    SystemCoreClock                          0x24000164   Data           4  system_stm32h7xx.o(.data)
    SystemD2Clock                            0x24000168   Data           4  system_stm32h7xx.o(.data)
    pxCurrentTCB                             0x2400016c   Data           4  tasks.o(.data)
    LCD1                                     0x240001ec   Data          12  i2c_lcd.o(.bss)
    GP_BTN                                   0x240001f8   Data          10  main.o(.bss)
    _ADC                                     0x24000204   Data          44  main.o(.bss)
    _ADC_SUM                                 0x24000230   Data          44  main.o(.bss)
    RX_UART4                                 0x2400025c   Data           9  main.o(.bss)
    RX_UART5                                 0x24000265   Data          11  main.o(.bss)
    adc_data                                 0x24000270   Data          22  main.o(.bss)
    hadc1                                    0x24000288   Data         100  main.o(.bss)
    hfdcan1                                  0x240002ec   Data         160  main.o(.bss)
    hfdcan2                                  0x2400038c   Data         160  main.o(.bss)
    hi2c1                                    0x2400042c   Data          84  main.o(.bss)
    hi2c2                                    0x24000480   Data          84  main.o(.bss)
    hi2c3                                    0x240004d4   Data          84  main.o(.bss)
    hi2c4                                    0x24000528   Data          84  main.o(.bss)
    hspi4                                    0x2400057c   Data         136  main.o(.bss)
    htim1                                    0x24000604   Data          76  main.o(.bss)
    htim2                                    0x24000650   Data          76  main.o(.bss)
    htim3                                    0x2400069c   Data          76  main.o(.bss)
    htim4                                    0x240006e8   Data          76  main.o(.bss)
    htim5                                    0x24000734   Data          76  main.o(.bss)
    htim8                                    0x24000780   Data          76  main.o(.bss)
    htim12                                   0x240007cc   Data          76  main.o(.bss)
    htim15                                   0x24000818   Data          76  main.o(.bss)
    htim16                                   0x24000864   Data          76  main.o(.bss)
    huart4                                   0x240008b0   Data         148  main.o(.bss)
    huart5                                   0x24000944   Data         148  main.o(.bss)
    huart7                                   0x240009d8   Data         148  main.o(.bss)
    huart8                                   0x24000a6c   Data         148  main.o(.bss)
    huart1                                   0x24000b00   Data         148  main.o(.bss)
    huart2                                   0x24000b94   Data         148  main.o(.bss)
    huart3                                   0x24000c28   Data         148  main.o(.bss)
    hdma_adc1                                0x24000cbc   Data         120  main.o(.bss)
    hdma_uart4_rx                            0x24000d34   Data         120  main.o(.bss)
    hdma_uart5_rx                            0x24000dac   Data         120  main.o(.bss)
    hdma_usart1_tx                           0x24000e24   Data         120  main.o(.bss)
    hdma_usart3_rx                           0x24000e9c   Data         120  main.o(.bss)
    htim7                                    0x24000f14   Data          76  stm32h7xx_hal_timebase_tim.o(.bss)
    xQueueRegistry                           0x24000f60   Data          64  queue.o(.bss)
    __libspace_start                         0x24005834   Data          96  libspace.o(.bss)
    __temporary_stack_top$libspace           0x24005894   Data           0  libspace.o(.bss)



==============================================================================

Memory Map of the image

  Image Entry point : 0x08000299

  Load Region LR_IROM1 (Base: 0x08000000, Size: 0x0000b2e8, Max: 0x00020000, ABSOLUTE, COMPRESSED[0x0000b150])

    Execution Region ER_IROM1 (Exec base: 0x08000000, Load base: 0x08000000, Size: 0x0000b0fc, Max: 0x00020000, ABSOLUTE)

    Exec Addr    Load Addr    Size         Type   Attr      Idx    E Section Name        Object

    0x08000000   0x08000000   0x00000298   Data   RO            3    RESET               startup_stm32h750xx.o
    0x08000298   0x08000298   0x00000008   Code   RO         8660  * !!!main             c_w.l(__main.o)
    0x080002a0   0x080002a0   0x00000034   Code   RO         9048    !!!scatter          c_w.l(__scatter.o)
    0x080002d4   0x080002d4   0x0000003a   Code   RO         9046    !!dczerorl          c_w.l(__dczerorl.o)
    0x0800030e   0x0800030e   0x00000002   PAD
    0x08000310   0x08000310   0x0000001c   Code   RO         9050    !!handler_zi        c_w.l(__scatter_zi.o)
    0x0800032c   0x0800032c   0x00000000   Code   RO         8647    .ARM.Collect$$_printf_percent$$00000000  c_w.l(_printf_percent.o)
    0x0800032c   0x0800032c   0x00000006   Code   RO         8645    .ARM.Collect$$_printf_percent$$00000008  c_w.l(_printf_i.o)
    0x08000332   0x08000332   0x00000004   Code   RO         8767    .ARM.Collect$$_printf_percent$$00000017  c_w.l(_printf_percent_end.o)
    0x08000336   0x08000336   0x00000002   Code   RO         8913    .ARM.Collect$$libinit$$00000000  c_w.l(libinit.o)
    0x08000338   0x08000338   0x00000004   Code   RO         8914    .ARM.Collect$$libinit$$00000001  c_w.l(libinit2.o)
    0x0800033c   0x0800033c   0x00000000   Code   RO         8917    .ARM.Collect$$libinit$$00000004  c_w.l(libinit2.o)
    0x0800033c   0x0800033c   0x00000000   Code   RO         8920    .ARM.Collect$$libinit$$0000000A  c_w.l(libinit2.o)
    0x0800033c   0x0800033c   0x00000000   Code   RO         8922    .ARM.Collect$$libinit$$0000000C  c_w.l(libinit2.o)
    0x0800033c   0x0800033c   0x00000000   Code   RO         8924    .ARM.Collect$$libinit$$0000000E  c_w.l(libinit2.o)
    0x0800033c   0x0800033c   0x00000000   Code   RO         8927    .ARM.Collect$$libinit$$00000011  c_w.l(libinit2.o)
    0x0800033c   0x0800033c   0x00000000   Code   RO         8929    .ARM.Collect$$libinit$$00000013  c_w.l(libinit2.o)
    0x0800033c   0x0800033c   0x00000000   Code   RO         8931    .ARM.Collect$$libinit$$00000015  c_w.l(libinit2.o)
    0x0800033c   0x0800033c   0x00000000   Code   RO         8933    .ARM.Collect$$libinit$$00000017  c_w.l(libinit2.o)
    0x0800033c   0x0800033c   0x00000000   Code   RO         8935    .ARM.Collect$$libinit$$00000019  c_w.l(libinit2.o)
    0x0800033c   0x0800033c   0x00000000   Code   RO         8937    .ARM.Collect$$libinit$$0000001B  c_w.l(libinit2.o)
    0x0800033c   0x0800033c   0x00000000   Code   RO         8939    .ARM.Collect$$libinit$$0000001D  c_w.l(libinit2.o)
    0x0800033c   0x0800033c   0x00000000   Code   RO         8941    .ARM.Collect$$libinit$$0000001F  c_w.l(libinit2.o)
    0x0800033c   0x0800033c   0x00000000   Code   RO         8943    .ARM.Collect$$libinit$$00000021  c_w.l(libinit2.o)
    0x0800033c   0x0800033c   0x00000000   Code   RO         8945    .ARM.Collect$$libinit$$00000023  c_w.l(libinit2.o)
    0x0800033c   0x0800033c   0x00000000   Code   RO         8947    .ARM.Collect$$libinit$$00000025  c_w.l(libinit2.o)
    0x0800033c   0x0800033c   0x00000000   Code   RO         8951    .ARM.Collect$$libinit$$0000002C  c_w.l(libinit2.o)
    0x0800033c   0x0800033c   0x00000000   Code   RO         8953    .ARM.Collect$$libinit$$0000002E  c_w.l(libinit2.o)
    0x0800033c   0x0800033c   0x00000000   Code   RO         8955    .ARM.Collect$$libinit$$00000030  c_w.l(libinit2.o)
    0x0800033c   0x0800033c   0x00000000   Code   RO         8957    .ARM.Collect$$libinit$$00000032  c_w.l(libinit2.o)
    0x0800033c   0x0800033c   0x00000002   Code   RO         8958    .ARM.Collect$$libinit$$00000033  c_w.l(libinit2.o)
    0x0800033e   0x0800033e   0x00000002   Code   RO         9009    .ARM.Collect$$libshutdown$$00000000  c_w.l(libshutdown.o)
    0x08000340   0x08000340   0x00000000   Code   RO         9027    .ARM.Collect$$libshutdown$$00000002  c_w.l(libshutdown2.o)
    0x08000340   0x08000340   0x00000000   Code   RO         9029    .ARM.Collect$$libshutdown$$00000004  c_w.l(libshutdown2.o)
    0x08000340   0x08000340   0x00000000   Code   RO         9031    .ARM.Collect$$libshutdown$$00000006  c_w.l(libshutdown2.o)
    0x08000340   0x08000340   0x00000000   Code   RO         9034    .ARM.Collect$$libshutdown$$00000009  c_w.l(libshutdown2.o)
    0x08000340   0x08000340   0x00000000   Code   RO         9037    .ARM.Collect$$libshutdown$$0000000C  c_w.l(libshutdown2.o)
    0x08000340   0x08000340   0x00000000   Code   RO         9039    .ARM.Collect$$libshutdown$$0000000E  c_w.l(libshutdown2.o)
    0x08000340   0x08000340   0x00000000   Code   RO         9042    .ARM.Collect$$libshutdown$$00000011  c_w.l(libshutdown2.o)
    0x08000340   0x08000340   0x00000002   Code   RO         9043    .ARM.Collect$$libshutdown$$00000012  c_w.l(libshutdown2.o)
    0x08000342   0x08000342   0x00000000   Code   RO         8752    .ARM.Collect$$rtentry$$00000000  c_w.l(__rtentry.o)
    0x08000342   0x08000342   0x00000000   Code   RO         8829    .ARM.Collect$$rtentry$$00000002  c_w.l(__rtentry2.o)
    0x08000342   0x08000342   0x00000006   Code   RO         8841    .ARM.Collect$$rtentry$$00000004  c_w.l(__rtentry4.o)
    0x08000348   0x08000348   0x00000000   Code   RO         8831    .ARM.Collect$$rtentry$$00000009  c_w.l(__rtentry2.o)
    0x08000348   0x08000348   0x00000004   Code   RO         8832    .ARM.Collect$$rtentry$$0000000A  c_w.l(__rtentry2.o)
    0x0800034c   0x0800034c   0x00000000   Code   RO         8834    .ARM.Collect$$rtentry$$0000000C  c_w.l(__rtentry2.o)
    0x0800034c   0x0800034c   0x00000008   Code   RO         8835    .ARM.Collect$$rtentry$$0000000D  c_w.l(__rtentry2.o)
    0x08000354   0x08000354   0x00000002   Code   RO         8961    .ARM.Collect$$rtexit$$00000000  c_w.l(rtexit.o)
    0x08000356   0x08000356   0x00000000   Code   RO         8978    .ARM.Collect$$rtexit$$00000002  c_w.l(rtexit2.o)
    0x08000356   0x08000356   0x00000004   Code   RO         8979    .ARM.Collect$$rtexit$$00000003  c_w.l(rtexit2.o)
    0x0800035a   0x0800035a   0x00000006   Code   RO         8980    .ARM.Collect$$rtexit$$00000004  c_w.l(rtexit2.o)
    0x08000360   0x08000360   0x000000be   Code   RO         8536    .emb_text           port.o
    0x0800041e   0x0800041e   0x00000002   PAD
    0x08000420   0x08000420   0x00000040   Code   RO            4    .text               startup_stm32h750xx.o
    0x08000460   0x08000460   0x000000ee   Code   RO         8615    .text               c_w.l(lludivv7m.o)
    0x0800054e   0x0800054e   0x00000002   PAD
    0x08000550   0x08000550   0x00000028   Code   RO         8619    .text               c_w.l(noretval__2sprintf.o)
    0x08000578   0x08000578   0x00000078   Code   RO         8623    .text               c_w.l(_printf_dec.o)
    0x080005f0   0x080005f0   0x00000138   Code   RO         8637    .text               c_w.l(__printf_flags_wp.o)
    0x08000728   0x08000728   0x0000008a   Code   RO         8648    .text               c_w.l(rt_memcpy_v6.o)
    0x080007b2   0x080007b2   0x00000064   Code   RO         8650    .text               c_w.l(rt_memcpy_w.o)
    0x08000816   0x08000816   0x00000010   Code   RO         8654    .text               c_w.l(aeabi_memset.o)
    0x08000826   0x08000826   0x0000004e   Code   RO         8656    .text               c_w.l(rt_memclr_w.o)
    0x08000874   0x08000874   0x00000006   Code   RO         8658    .text               c_w.l(heapauxi.o)
    0x0800087a   0x0800087a   0x00000016   Code   RO         8757    .text               c_w.l(_rserrno.o)
    0x08000890   0x08000890   0x000000b2   Code   RO         8759    .text               c_w.l(_printf_intcommon.o)
    0x08000942   0x08000942   0x00000002   PAD
    0x08000944   0x08000944   0x00000030   Code   RO         8763    .text               c_w.l(_printf_char_common.o)
    0x08000974   0x08000974   0x0000000a   Code   RO         8765    .text               c_w.l(_sputc.o)
    0x0800097e   0x0800097e   0x00000044   Code   RO         8768    .text               c_w.l(rt_memclr.o)
    0x080009c2   0x080009c2   0x00000002   PAD
    0x080009c4   0x080009c4   0x00000008   Code   RO         8853    .text               c_w.l(rt_errno_addr_intlibspace.o)
    0x080009cc   0x080009cc   0x00000008   Code   RO         8895    .text               c_w.l(libspace.o)
    0x080009d4   0x080009d4   0x0000004a   Code   RO         8898    .text               c_w.l(sys_stackheap_outer.o)
    0x08000a1e   0x08000a1e   0x00000012   Code   RO         8900    .text               c_w.l(exit.o)
    0x08000a30   0x08000a30   0x0000000c   Code   RO         8975    .text               c_w.l(sys_exit.o)
    0x08000a3c   0x08000a3c   0x00000002   Code   RO         8996    .text               c_w.l(use_no_semi.o)
    0x08000a3e   0x08000a3e   0x00000000   Code   RO         8998    .text               c_w.l(indicate_semi.o)
    0x08000a3e   0x08000a3e   0x00000002   PAD
    0x08000a40   0x08000a40   0x00000108   Code   RO         2511    i.ADC_ConfigureBoostMode  stm32h7xx_hal_adc.o
    0x08000b48   0x08000b48   0x00000068   Code   RO         2513    i.ADC_DMAConvCplt   stm32h7xx_hal_adc.o
    0x08000bb0   0x08000bb0   0x0000001a   Code   RO         2514    i.ADC_DMAError      stm32h7xx_hal_adc.o
    0x08000bca   0x08000bca   0x0000000a   Code   RO         2515    i.ADC_DMAHalfConvCplt  stm32h7xx_hal_adc.o
    0x08000bd4   0x08000bd4   0x000000a8   Code   RO         2517    i.ADC_Enable        stm32h7xx_hal_adc.o
    0x08000c7c   0x08000c7c   0x00000002   Code   RO         1205    i.BusFault_Handler  stm32h7xx_it.o
    0x08000c7e   0x08000c7e   0x00000014   Code   RO           15    i.CLCD_I2C_Clear    i2c_lcd.o
    0x08000c92   0x08000c92   0x000000ac   Code   RO           18    i.CLCD_I2C_Init     i2c_lcd.o
    0x08000d3e   0x08000d3e   0x00000044   Code   RO           20    i.CLCD_I2C_SetCursor  i2c_lcd.o
    0x08000d82   0x08000d82   0x00000006   Code   RO           21    i.CLCD_I2C_WriteChar  i2c_lcd.o
    0x08000d88   0x08000d88   0x00000018   Code   RO           22    i.CLCD_I2C_WriteString  i2c_lcd.o
    0x08000da0   0x08000da0   0x0000006a   Code   RO           23    i.CLCD_WriteI2C     i2c_lcd.o
    0x08000e0a   0x08000e0a   0x00000002   PAD
    0x08000e0c   0x08000e0c   0x0000000c   Code   RO         1206    i.DMA1_Stream1_IRQHandler  stm32h7xx_it.o
    0x08000e18   0x08000e18   0x0000007c   Code   RO         1207    i.DMA1_Stream2_IRQHandler  stm32h7xx_it.o
    0x08000e94   0x08000e94   0x00000038   Code   RO         1208    i.DMA1_Stream3_IRQHandler  stm32h7xx_it.o
    0x08000ecc   0x08000ecc   0x0000000c   Code   RO         1209    i.DMA1_Stream4_IRQHandler  stm32h7xx_it.o
    0x08000ed8   0x08000ed8   0x000000b4   Code   RO         3572    i.DMA_CalcBaseAndBitshift  stm32h7xx_hal_dma.o
    0x08000f8c   0x08000f8c   0x0000009c   Code   RO         3573    i.DMA_CalcDMAMUXChannelBaseAndMask  stm32h7xx_hal_dma.o
    0x08001028   0x08001028   0x00000074   Code   RO         3574    i.DMA_CalcDMAMUXRequestGenBaseAndMask  stm32h7xx_hal_dma.o
    0x0800109c   0x0800109c   0x00000054   Code   RO         3575    i.DMA_CheckFifoParam  stm32h7xx_hal_dma.o
    0x080010f0   0x080010f0   0x00000220   Code   RO         3576    i.DMA_SetConfig     stm32h7xx_hal_dma.o
    0x08001310   0x08001310   0x00000002   Code   RO         1210    i.DebugMon_Handler  stm32h7xx_it.o
    0x08001312   0x08001312   0x00000004   Code   RO          544    i.Error_Handler     main.o
    0x08001316   0x08001316   0x00000002   PAD
    0x08001318   0x08001318   0x000001c8   Code   RO         5342    i.FDCAN_CalcultateRamBlockAddresses  stm32h7xx_hal_fdcan.o
    0x080014e0   0x080014e0   0x00000128   Code   RO         2748    i.HAL_ADCEx_MultiModeConfigChannel  stm32h7xx_hal_adc_ex.o
    0x08001608   0x08001608   0x00000420   Code   RO         2519    i.HAL_ADC_ConfigChannel  stm32h7xx_hal_adc.o
    0x08001a28   0x08001a28   0x00000002   Code   RO         2520    i.HAL_ADC_ConvCpltCallback  stm32h7xx_hal_adc.o
    0x08001a2a   0x08001a2a   0x00000002   Code   RO         2521    i.HAL_ADC_ConvHalfCpltCallback  stm32h7xx_hal_adc.o
    0x08001a2c   0x08001a2c   0x00000002   Code   RO         2523    i.HAL_ADC_ErrorCallback  stm32h7xx_hal_adc.o
    0x08001a2e   0x08001a2e   0x00000002   PAD
    0x08001a30   0x08001a30   0x00000228   Code   RO         2528    i.HAL_ADC_Init      stm32h7xx_hal_adc.o
    0x08001c58   0x08001c58   0x00000114   Code   RO         1337    i.HAL_ADC_MspInit   stm32h7xx_hal_msp.o
    0x08001d6c   0x08001d6c   0x00000108   Code   RO         2535    i.HAL_ADC_Start_DMA  stm32h7xx_hal_adc.o
    0x08001e74   0x08001e74   0x000006e8   Code   RO         3582    i.HAL_DMA_IRQHandler  stm32h7xx_hal_dma.o
    0x0800255c   0x0800255c   0x000003c4   Code   RO         3583    i.HAL_DMA_Init      stm32h7xx_hal_dma.o
    0x08002920   0x08002920   0x0000029c   Code   RO         3587    i.HAL_DMA_Start_IT  stm32h7xx_hal_dma.o
    0x08002bbc   0x08002bbc   0x00000024   Code   RO         4439    i.HAL_Delay         stm32h7xx_hal.o
    0x08002be0   0x08002be0   0x00000244   Code   RO         5394    i.HAL_FDCAN_Init    stm32h7xx_hal_fdcan.o
    0x08002e24   0x08002e24   0x00000104   Code   RO         1339    i.HAL_FDCAN_MspInit  stm32h7xx_hal_msp.o
    0x08002f28   0x08002f28   0x0000022c   Code   RO         3425    i.HAL_GPIO_Init     stm32h7xx_hal_gpio.o
    0x08003154   0x08003154   0x0000000a   Code   RO         3427    i.HAL_GPIO_ReadPin  stm32h7xx_hal_gpio.o
    0x0800315e   0x0800315e   0x00000010   Code   RO         3428    i.HAL_GPIO_TogglePin  stm32h7xx_hal_gpio.o
    0x0800316e   0x0800316e   0x0000000a   Code   RO         3429    i.HAL_GPIO_WritePin  stm32h7xx_hal_gpio.o
    0x08003178   0x08003178   0x0000000c   Code   RO         4450    i.HAL_GetREVID      stm32h7xx_hal.o
    0x08003184   0x08003184   0x0000000c   Code   RO         4451    i.HAL_GetTick       stm32h7xx_hal.o
    0x08003190   0x08003190   0x00000058   Code   RO         5216    i.HAL_I2CEx_ConfigAnalogFilter  stm32h7xx_hal_i2c_ex.o
    0x080031e8   0x080031e8   0x00000054   Code   RO         5217    i.HAL_I2CEx_ConfigDigitalFilter  stm32h7xx_hal_i2c_ex.o
    0x0800323c   0x0800323c   0x000000c0   Code   RO         4755    i.HAL_I2C_Init      stm32h7xx_hal_i2c.o
    0x080032fc   0x080032fc   0x0000014c   Code   RO         4768    i.HAL_I2C_Master_Transmit  stm32h7xx_hal_i2c.o
    0x08003448   0x08003448   0x0000014c   Code   RO         1341    i.HAL_I2C_MspInit   stm32h7xx_hal_msp.o
    0x08003594   0x08003594   0x00000010   Code   RO         4457    i.HAL_IncTick       stm32h7xx_hal.o
    0x080035a4   0x080035a4   0x0000005c   Code   RO         4458    i.HAL_Init          stm32h7xx_hal.o
    0x08003600   0x08003600   0x0000008c   Code   RO         1465    i.HAL_InitTick      stm32h7xx_hal_timebase_tim.o
    0x0800368c   0x0800368c   0x0000005c   Code   RO         4280    i.HAL_MPU_ConfigRegion  stm32h7xx_hal_cortex.o
    0x080036e8   0x080036e8   0x0000001c   Code   RO         4281    i.HAL_MPU_Disable   stm32h7xx_hal_cortex.o
    0x08003704   0x08003704   0x00000024   Code   RO         4283    i.HAL_MPU_Enable    stm32h7xx_hal_cortex.o
    0x08003728   0x08003728   0x00000024   Code   RO         1342    i.HAL_MspInit       stm32h7xx_hal_msp.o
    0x0800374c   0x0800374c   0x00000022   Code   RO         4286    i.HAL_NVIC_DisableIRQ  stm32h7xx_hal_cortex.o
    0x0800376e   0x0800376e   0x0000001a   Code   RO         4287    i.HAL_NVIC_EnableIRQ  stm32h7xx_hal_cortex.o
    0x08003788   0x08003788   0x00000040   Code   RO         4293    i.HAL_NVIC_SetPriority  stm32h7xx_hal_cortex.o
    0x080037c8   0x080037c8   0x00000024   Code   RO         4294    i.HAL_NVIC_SetPriorityGrouping  stm32h7xx_hal_cortex.o
    0x080037ec   0x080037ec   0x00000054   Code   RO         4026    i.HAL_PWREx_ConfigSupply  stm32h7xx_hal_pwr_ex.o
    0x08003840   0x08003840   0x00000024   Code   RO         3068    i.HAL_RCCEx_GetD3PCLK1Freq  stm32h7xx_hal_rcc_ex.o
    0x08003864   0x08003864   0x00000148   Code   RO         3069    i.HAL_RCCEx_GetPLL1ClockFreq  stm32h7xx_hal_rcc_ex.o
    0x080039ac   0x080039ac   0x00000144   Code   RO         3070    i.HAL_RCCEx_GetPLL2ClockFreq  stm32h7xx_hal_rcc_ex.o
    0x08003af0   0x08003af0   0x00000144   Code   RO         3071    i.HAL_RCCEx_GetPLL3ClockFreq  stm32h7xx_hal_rcc_ex.o
    0x08003c34   0x08003c34   0x000002c8   Code   RO         3073    i.HAL_RCCEx_GetPeriphCLKFreq  stm32h7xx_hal_rcc_ex.o
    0x08003efc   0x08003efc   0x000009ac   Code   RO         3077    i.HAL_RCCEx_PeriphCLKConfig  stm32h7xx_hal_rcc_ex.o
    0x080048a8   0x080048a8   0x0000025c   Code   RO         2953    i.HAL_RCC_ClockConfig  stm32h7xx_hal_rcc.o
    0x08004b04   0x08004b04   0x0000005c   Code   RO         2957    i.HAL_RCC_GetClockConfig  stm32h7xx_hal_rcc.o
    0x08004b60   0x08004b60   0x00000044   Code   RO         2958    i.HAL_RCC_GetHCLKFreq  stm32h7xx_hal_rcc.o
    0x08004ba4   0x08004ba4   0x00000024   Code   RO         2960    i.HAL_RCC_GetPCLK1Freq  stm32h7xx_hal_rcc.o
    0x08004bc8   0x08004bc8   0x00000024   Code   RO         2961    i.HAL_RCC_GetPCLK2Freq  stm32h7xx_hal_rcc.o
    0x08004bec   0x08004bec   0x00000138   Code   RO         2962    i.HAL_RCC_GetSysClockFreq  stm32h7xx_hal_rcc.o
    0x08004d24   0x08004d24   0x00000582   Code   RO         2965    i.HAL_RCC_OscConfig  stm32h7xx_hal_rcc.o
    0x080052a6   0x080052a6   0x00000002   PAD
    0x080052a8   0x080052a8   0x0000017c   Code   RO         5971    i.HAL_SPI_Init      stm32h7xx_hal_spi.o
    0x08005424   0x08005424   0x00000084   Code   RO         1344    i.HAL_SPI_MspInit   stm32h7xx_hal_msp.o
    0x080054a8   0x080054a8   0x00000002   Code   RO         2220    i.HAL_TIMEx_Break2Callback  stm32h7xx_hal_tim_ex.o
    0x080054aa   0x080054aa   0x00000002   Code   RO         2221    i.HAL_TIMEx_BreakCallback  stm32h7xx_hal_tim_ex.o
    0x080054ac   0x080054ac   0x00000002   Code   RO         2222    i.HAL_TIMEx_CommutCallback  stm32h7xx_hal_tim_ex.o
    0x080054ae   0x080054ae   0x00000002   PAD
    0x080054b0   0x080054b0   0x000000a4   Code   RO         2242    i.HAL_TIMEx_MasterConfigSynchronization  stm32h7xx_hal_tim_ex.o
    0x08005554   0x08005554   0x00000062   Code   RO         1506    i.HAL_TIM_Base_Init  stm32h7xx_hal_tim.o
    0x080055b6   0x080055b6   0x00000002   PAD
    0x080055b8   0x080055b8   0x00000054   Code   RO         1346    i.HAL_TIM_Base_MspInit  stm32h7xx_hal_msp.o
    0x0800560c   0x0800560c   0x0000008c   Code   RO         1511    i.HAL_TIM_Base_Start_IT  stm32h7xx_hal_tim.o
    0x08005698   0x08005698   0x000000fc   Code   RO         1515    i.HAL_TIM_ConfigClockSource  stm32h7xx_hal_tim.o
    0x08005794   0x08005794   0x000000bc   Code   RO         1527    i.HAL_TIM_Encoder_Init  stm32h7xx_hal_tim.o
    0x08005850   0x08005850   0x00000224   Code   RO         1348    i.HAL_TIM_Encoder_MspInit  stm32h7xx_hal_msp.o
    0x08005a74   0x08005a74   0x0000008e   Code   RO         1530    i.HAL_TIM_Encoder_Start  stm32h7xx_hal_tim.o
    0x08005b02   0x08005b02   0x00000002   Code   RO         1540    i.HAL_TIM_IC_CaptureCallback  stm32h7xx_hal_tim.o
    0x08005b04   0x08005b04   0x00000148   Code   RO         1554    i.HAL_TIM_IRQHandler  stm32h7xx_hal_tim.o
    0x08005c4c   0x08005c4c   0x00000050   Code   RO         1349    i.HAL_TIM_MspPostInit  stm32h7xx_hal_msp.o
    0x08005c9c   0x08005c9c   0x00000002   Code   RO         1557    i.HAL_TIM_OC_DelayElapsedCallback  stm32h7xx_hal_tim.o
    0x08005c9e   0x08005c9e   0x00000124   Code   RO         1578    i.HAL_TIM_PWM_ConfigChannel  stm32h7xx_hal_tim.o
    0x08005dc2   0x08005dc2   0x00000062   Code   RO         1581    i.HAL_TIM_PWM_Init  stm32h7xx_hal_tim.o
    0x08005e24   0x08005e24   0x00000028   Code   RO         1351    i.HAL_TIM_PWM_MspInit  stm32h7xx_hal_msp.o
    0x08005e4c   0x08005e4c   0x00000002   Code   RO         1584    i.HAL_TIM_PWM_PulseFinishedCallback  stm32h7xx_hal_tim.o
    0x08005e4e   0x08005e4e   0x00000002   PAD
    0x08005e50   0x08005e50   0x00000110   Code   RO         1586    i.HAL_TIM_PWM_Start  stm32h7xx_hal_tim.o
    0x08005f60   0x08005f60   0x00000014   Code   RO          545    i.HAL_TIM_PeriodElapsedCallback  main.o
    0x08005f74   0x08005f74   0x00000002   Code   RO         1597    i.HAL_TIM_TriggerCallback  stm32h7xx_hal_tim.o
    0x08005f76   0x08005f76   0x00000040   Code   RO         6709    i.HAL_UARTEx_DisableFifoMode  stm32h7xx_hal_uart_ex.o
    0x08005fb6   0x08005fb6   0x00000002   Code   RO         6298    i.HAL_UARTEx_RxEventCallback  stm32h7xx_hal_uart.o
    0x08005fb8   0x08005fb8   0x0000004c   Code   RO         6718    i.HAL_UARTEx_SetRxFifoThreshold  stm32h7xx_hal_uart_ex.o
    0x08006004   0x08006004   0x0000004c   Code   RO         6719    i.HAL_UARTEx_SetTxFifoThreshold  stm32h7xx_hal_uart_ex.o
    0x08006050   0x08006050   0x00000002   Code   RO         6314    i.HAL_UART_ErrorCallback  stm32h7xx_hal_uart.o
    0x08006052   0x08006052   0x0000006a   Code   RO         6318    i.HAL_UART_Init     stm32h7xx_hal_uart.o
    0x080060bc   0x080060bc   0x000003f4   Code   RO         1353    i.HAL_UART_MspInit  stm32h7xx_hal_msp.o
    0x080064b0   0x080064b0   0x00000048   Code   RO         6322    i.HAL_UART_Receive_DMA  stm32h7xx_hal_uart.o
    0x080064f8   0x080064f8   0x00000002   Code   RO         6325    i.HAL_UART_RxCpltCallback  stm32h7xx_hal_uart.o
    0x080064fa   0x080064fa   0x00000002   Code   RO         6326    i.HAL_UART_RxHalfCpltCallback  stm32h7xx_hal_uart.o
    0x080064fc   0x080064fc   0x000000b0   Code   RO         6327    i.HAL_UART_Transmit  stm32h7xx_hal_uart.o
    0x080065ac   0x080065ac   0x00000090   Code   RO         6328    i.HAL_UART_Transmit_DMA  stm32h7xx_hal_uart.o
    0x0800663c   0x0800663c   0x00000002   Code   RO         6330    i.HAL_UART_TxCpltCallback  stm32h7xx_hal_uart.o
    0x0800663e   0x0800663e   0x00000002   Code   RO         6331    i.HAL_UART_TxHalfCpltCallback  stm32h7xx_hal_uart.o
    0x08006640   0x08006640   0x00000002   Code   RO         1211    i.HardFault_Handler  stm32h7xx_it.o
    0x08006642   0x08006642   0x00000022   Code   RO         4802    i.I2C_Flush_TXDR    stm32h7xx_hal_i2c.o
    0x08006664   0x08006664   0x00000110   Code   RO         4810    i.I2C_IsErrorOccurred  stm32h7xx_hal_i2c.o
    0x08006774   0x08006774   0x00000030   Code   RO         4819    i.I2C_TransferConfig  stm32h7xx_hal_i2c.o
    0x080067a4   0x080067a4   0x0000007c   Code   RO         4821    i.I2C_WaitOnFlagUntilTimeout  stm32h7xx_hal_i2c.o
    0x08006820   0x08006820   0x00000058   Code   RO         4823    i.I2C_WaitOnSTOPFlagUntilTimeout  stm32h7xx_hal_i2c.o
    0x08006878   0x08006878   0x0000005c   Code   RO         4824    i.I2C_WaitOnTXISFlagUntilTimeout  stm32h7xx_hal_i2c.o
    0x080068d4   0x080068d4   0x00000008   Code   RO         2540    i.LL_ADC_INJ_IsConversionOngoing  stm32h7xx_hal_adc.o
    0x080068dc   0x080068dc   0x00000008   Code   RO         2541    i.LL_ADC_REG_IsConversionOngoing  stm32h7xx_hal_adc.o
    0x080068e4   0x080068e4   0x00000008   Code   RO         2758    i.LL_ADC_REG_IsConversionOngoing  stm32h7xx_hal_adc_ex.o
    0x080068ec   0x080068ec   0x00000010   Code   RO         2542    i.LL_ADC_REG_IsTriggerSourceSWStart  stm32h7xx_hal_adc.o
    0x080068fc   0x080068fc   0x000001ac   Code   RO          546    i.MX_ADC1_Init      main.o
    0x08006aa8   0x08006aa8   0x0000005c   Code   RO          547    i.MX_FDCAN1_Init    main.o
    0x08006b04   0x08006b04   0x0000005c   Code   RO          548    i.MX_FDCAN2_Init    main.o
    0x08006b60   0x08006b60   0x00000134   Code   RO          549    i.MX_GPIO_Init      main.o
    0x08006c94   0x08006c94   0x00000054   Code   RO          550    i.MX_I2C1_Init      main.o
    0x08006ce8   0x08006ce8   0x00000054   Code   RO          551    i.MX_I2C2_Init      main.o
    0x08006d3c   0x08006d3c   0x00000054   Code   RO          552    i.MX_I2C3_Init      main.o
    0x08006d90   0x08006d90   0x00000054   Code   RO          553    i.MX_I2C4_Init      main.o
    0x08006de4   0x08006de4   0x00000054   Code   RO          554    i.MX_SPI4_Init      main.o
    0x08006e38   0x08006e38   0x00000074   Code   RO          555    i.MX_TIM12_Init     main.o
    0x08006eac   0x08006eac   0x0000006c   Code   RO          556    i.MX_TIM15_Init     main.o
    0x08006f18   0x08006f18   0x00000078   Code   RO          557    i.MX_TIM1_Init      main.o
    0x08006f90   0x08006f90   0x00000070   Code   RO          558    i.MX_TIM2_Init      main.o
    0x08007000   0x08007000   0x00000074   Code   RO          559    i.MX_TIM3_Init      main.o
    0x08007074   0x08007074   0x00000074   Code   RO          560    i.MX_TIM4_Init      main.o
    0x080070e8   0x080070e8   0x00000074   Code   RO          561    i.MX_TIM5_Init      main.o
    0x0800715c   0x0800715c   0x00000078   Code   RO          562    i.MX_TIM8_Init      main.o
    0x080071d4   0x080071d4   0x00000064   Code   RO          563    i.MX_UART4_Init     main.o
    0x08007238   0x08007238   0x00000064   Code   RO          564    i.MX_UART5_Init     main.o
    0x0800729c   0x0800729c   0x00000064   Code   RO          565    i.MX_UART7_Init     main.o
    0x08007300   0x08007300   0x00000064   Code   RO          566    i.MX_UART8_Init     main.o
    0x08007364   0x08007364   0x00000064   Code   RO          567    i.MX_USART1_UART_Init  main.o
    0x080073c8   0x080073c8   0x00000064   Code   RO          568    i.MX_USART2_UART_Init  main.o
    0x0800742c   0x0800742c   0x00000064   Code   RO          569    i.MX_USART3_UART_Init  main.o
    0x08007490   0x08007490   0x00000002   Code   RO         1212    i.MemManage_Handler  stm32h7xx_it.o
    0x08007492   0x08007492   0x00000002   Code   RO         1213    i.NMI_Handler       stm32h7xx_it.o
    0x08007494   0x08007494   0x00000048   Code   RO          571    i.PeriphCommonClock_Config  main.o
    0x080074dc   0x080074dc   0x00000120   Code   RO         3080    i.RCCEx_PLL2_Config  stm32h7xx_hal_rcc_ex.o
    0x080075fc   0x080075fc   0x00000120   Code   RO         3081    i.RCCEx_PLL3_Config  stm32h7xx_hal_rcc_ex.o
    0x0800771c   0x0800771c   0x0000000c   Code   RO          584    i.StartADCTask04    main.o
    0x08007728   0x08007728   0x00000054   Code   RO          585    i.StartLCDTask05    main.o
    0x0800777c   0x0800777c   0x00000058   Code   RO          586    i.StartMainTask     main.o
    0x080077d4   0x080077d4   0x00000020   Code   RO          587    i.StartSensorTask02  main.o
    0x080077f4   0x080077f4   0x00000008   Code   RO          588    i.StartSwerveTask03  main.o
    0x080077fc   0x080077fc   0x0000001a   Code   RO         7968    i.SysTick_Handler   cmsis_os2.o
    0x08007816   0x08007816   0x00000002   PAD
    0x08007818   0x08007818   0x000000a8   Code   RO          589    i.SystemClock_Config  main.o
    0x080078c0   0x080078c0   0x000000dc   Code   RO         6828    i.SystemInit        system_stm32h7xx.o
    0x0800799c   0x0800799c   0x0000000c   Code   RO         1214    i.TIM15_IRQHandler  stm32h7xx_it.o
    0x080079a8   0x080079a8   0x0000003c   Code   RO         1215    i.TIM1_UP_IRQHandler  stm32h7xx_it.o
    0x080079e4   0x080079e4   0x0000003c   Code   RO         1216    i.TIM2_IRQHandler   stm32h7xx_it.o
    0x08007a20   0x08007a20   0x0000003c   Code   RO         1217    i.TIM3_IRQHandler   stm32h7xx_it.o
    0x08007a5c   0x08007a5c   0x0000003c   Code   RO         1218    i.TIM4_IRQHandler   stm32h7xx_it.o
    0x08007a98   0x08007a98   0x0000003c   Code   RO         1219    i.TIM5_IRQHandler   stm32h7xx_it.o
    0x08007ad4   0x08007ad4   0x00000014   Code   RO         1220    i.TIM7_IRQHandler   stm32h7xx_it.o
    0x08007ae8   0x08007ae8   0x0000003c   Code   RO         1221    i.TIM8_UP_TIM13_IRQHandler  stm32h7xx_it.o
    0x08007b24   0x08007b24   0x000000cc   Code   RO         1599    i.TIM_Base_SetConfig  stm32h7xx_hal_tim.o
    0x08007bf0   0x08007bf0   0x0000001a   Code   RO         1600    i.TIM_CCxChannelCmd  stm32h7xx_hal_tim.o
    0x08007c0a   0x08007c0a   0x00000012   Code   RO         1610    i.TIM_ETR_SetConfig  stm32h7xx_hal_tim.o
    0x08007c1c   0x08007c1c   0x00000014   Code   RO         1611    i.TIM_ITRx_SetConfig  stm32h7xx_hal_tim.o
    0x08007c30   0x08007c30   0x000000a4   Code   RO         1612    i.TIM_OC1_SetConfig  stm32h7xx_hal_tim.o
    0x08007cd4   0x08007cd4   0x00000098   Code   RO         1613    i.TIM_OC2_SetConfig  stm32h7xx_hal_tim.o
    0x08007d6c   0x08007d6c   0x00000098   Code   RO         1614    i.TIM_OC3_SetConfig  stm32h7xx_hal_tim.o
    0x08007e04   0x08007e04   0x00000078   Code   RO         1615    i.TIM_OC4_SetConfig  stm32h7xx_hal_tim.o
    0x08007e7c   0x08007e7c   0x00000074   Code   RO         1616    i.TIM_OC5_SetConfig  stm32h7xx_hal_tim.o
    0x08007ef0   0x08007ef0   0x00000074   Code   RO         1617    i.TIM_OC6_SetConfig  stm32h7xx_hal_tim.o
    0x08007f64   0x08007f64   0x00000022   Code   RO         1619    i.TIM_TI1_ConfigInputStage  stm32h7xx_hal_tim.o
    0x08007f86   0x08007f86   0x00000024   Code   RO         1621    i.TIM_TI2_ConfigInputStage  stm32h7xx_hal_tim.o
    0x08007faa   0x08007faa   0x00000002   PAD
    0x08007fac   0x08007fac   0x00000024   Code   RO          590    i.TungKhongQuyDoi   main.o
    0x08007fd0   0x08007fd0   0x00000044   Code   RO         6723    i.UARTEx_SetNbDataToProcess  stm32h7xx_hal_uart_ex.o
    0x08008014   0x08008014   0x000000c8   Code   RO         6332    i.UART_AdvFeatureConfig  stm32h7xx_hal_uart.o
    0x080080dc   0x080080dc   0x000000aa   Code   RO         6333    i.UART_CheckIdleState  stm32h7xx_hal_uart.o
    0x08008186   0x08008186   0x0000004e   Code   RO         6335    i.UART_DMAError     stm32h7xx_hal_uart.o
    0x080081d4   0x080081d4   0x00000082   Code   RO         6336    i.UART_DMAReceiveCplt  stm32h7xx_hal_uart.o
    0x08008256   0x08008256   0x00000020   Code   RO         6338    i.UART_DMARxHalfCplt  stm32h7xx_hal_uart.o
    0x08008276   0x08008276   0x00000040   Code   RO         6340    i.UART_DMATransmitCplt  stm32h7xx_hal_uart.o
    0x080082b6   0x080082b6   0x0000000a   Code   RO         6342    i.UART_DMATxHalfCplt  stm32h7xx_hal_uart.o
    0x080082c0   0x080082c0   0x00000054   Code   RO         6344    i.UART_EndRxTransfer  stm32h7xx_hal_uart.o
    0x08008314   0x08008314   0x0000002e   Code   RO         6345    i.UART_EndTxTransfer  stm32h7xx_hal_uart.o
    0x08008342   0x08008342   0x00000002   PAD
    0x08008344   0x08008344   0x000003ac   Code   RO         6350    i.UART_SetConfig    stm32h7xx_hal_uart.o
    0x080086f0   0x080086f0   0x000000a8   Code   RO         6351    i.UART_Start_Receive_DMA  stm32h7xx_hal_uart.o
    0x08008798   0x08008798   0x00000094   Code   RO         6357    i.UART_WaitOnFlagUntilTimeout  stm32h7xx_hal_uart.o
    0x0800882c   0x0800882c   0x00000002   Code   RO         1222    i.UsageFault_Handler  stm32h7xx_it.o
    0x0800882e   0x0800882e   0x00000030   Code   RO         8812    i.__ARM_fpclassify  m_wv.l(fpclassify.o)
    0x0800885e   0x0800885e   0x00000022   Code   RO         4300    i.__NVIC_SetPriority  stm32h7xx_hal_cortex.o
    0x08008880   0x08008880   0x00000200   Code   RO         8775    i.__hardfp_atan     m_wv.l(atan.o)
    0x08008a80   0x08008a80   0x000001c8   Code   RO         8664    i.__hardfp_atan2    m_wv.l(atan2.o)
    0x08008c48   0x08008c48   0x00000066   Code   RO         8740    i.__hardfp_sqrt     m_wv.l(sqrt.o)
    0x08008cae   0x08008cae   0x00000070   Code   RO         8814    i.__kernel_poly     m_wv.l(poly.o)
    0x08008d1e   0x08008d1e   0x00000006   Code   RO         8793    i.__mathlib_dbl_infnan  m_wv.l(dunder.o)
    0x08008d24   0x08008d24   0x00000006   Code   RO         8794    i.__mathlib_dbl_infnan2  m_wv.l(dunder.o)
    0x08008d2a   0x08008d2a   0x00000006   PAD
    0x08008d30   0x08008d30   0x00000018   Code   RO         8798    i.__mathlib_dbl_underflow  m_wv.l(dunder.o)
    0x08008d48   0x08008d48   0x0000000e   Code   RO         8635    i._is_digit         c_w.l(__printf_wp.o)
    0x08008d56   0x08008d56   0x00000010   Code   RO         8777    i.atan              m_wv.l(atan.o)
    0x08008d66   0x08008d66   0x00000002   PAD
    0x08008d68   0x08008d68   0x00000060   Code   RO          592    i.calculateJoystickOutput  main.o
    0x08008dc8   0x08008dc8   0x00000084   Code   RO          595    i.controlMotor      main.o
    0x08008e4c   0x08008e4c   0x00000014   Code   RO          596    i.en_10hRo          main.o
    0x08008e60   0x08008e60   0x0000000c   Code   RO          597    i.en_2hRo           main.o
    0x08008e6c   0x08008e6c   0x00000014   Code   RO          598    i.en_4hRo           main.o
    0x08008e80   0x08008e80   0x0000000c   Code   RO          599    i.en_8hRo           main.o
    0x08008e8c   0x08008e8c   0x00000014   Code   RO          600    i.en_Chay2h         main.o
    0x08008ea0   0x08008ea0   0x0000000c   Code   RO          601    i.en_mamXoay        main.o
    0x08008eac   0x08008eac   0x00000018   Code   RO         8808    i.fabs              m_wv.l(fabs.o)
    0x08008ec4   0x08008ec4   0x00000040   Code   RO          603    i.get_Gamepad_Bluetouch  main.o
    0x08008f04   0x08008f04   0x0000031c   Code   RO          607    i.lcdViewer         main.o
    0x08009220   0x08009220   0x00000034   Code   RO           27    i.lcd_printInt      i2c_lcd.o
    0x08009254   0x08009254   0x00000020   Code   RO           28    i.lcd_printStr      i2c_lcd.o
    0x08009274   0x08009274   0x00000284   Code   RO          610    i.main              main.o
    0x080094f8   0x080094f8   0x0000001c   Code   RO         7970    i.osDelay           cmsis_os2.o
    0x08009514   0x08009514   0x00000024   Code   RO         7984    i.osKernelInitialize  cmsis_os2.o
    0x08009538   0x08009538   0x00000038   Code   RO         7987    i.osKernelStart     cmsis_os2.o
    0x08009570   0x08009570   0x00000090   Code   RO         8029    i.osThreadNew       cmsis_os2.o
    0x08009600   0x08009600   0x0000005c   Code   RO         7429    i.prvAddCurrentTaskToDelayedList  tasks.o
    0x0800965c   0x0800965c   0x000000d0   Code   RO         7430    i.prvAddNewTaskToReadyList  tasks.o
    0x0800972c   0x0800972c   0x00000058   Code   RO         7794    i.prvCheckForValidListAndQueue  timers.o
    0x08009784   0x08009784   0x00000026   Code   RO         7026    i.prvCopyDataFromQueue  queue.o
    0x080097aa   0x080097aa   0x0000006c   Code   RO         7027    i.prvCopyDataToQueue  queue.o
    0x08009816   0x08009816   0x00000034   Code   RO         7431    i.prvDeleteTCB      tasks.o
    0x0800984a   0x0800984a   0x00000002   PAD
    0x0800984c   0x0800984c   0x00000050   Code   RO         8481    i.prvHeapInit       heap_4.o
    0x0800989c   0x0800989c   0x00000060   Code   RO         7432    i.prvIdleTask       tasks.o
    0x080098fc   0x080098fc   0x00000022   Code   RO         7029    i.prvInitialiseNewQueue  queue.o
    0x0800991e   0x0800991e   0x000000b0   Code   RO         7433    i.prvInitialiseNewTask  tasks.o
    0x080099ce   0x080099ce   0x00000002   PAD
    0x080099d0   0x080099d0   0x0000004c   Code   RO         8482    i.prvInsertBlockIntoFreeList  heap_4.o
    0x08009a1c   0x08009a1c   0x0000003c   Code   RO         7796    i.prvInsertTimerInActiveList  timers.o
    0x08009a58   0x08009a58   0x0000001c   Code   RO         7030    i.prvIsQueueEmpty   queue.o
    0x08009a74   0x08009a74   0x000000f8   Code   RO         7797    i.prvProcessReceivedCommands  timers.o
    0x08009b6c   0x08009b6c   0x000000c0   Code   RO         7798    i.prvProcessTimerOrBlockTask  timers.o
    0x08009c2c   0x08009c2c   0x00000020   Code   RO         7435    i.prvResetNextTaskUnblockTime  tasks.o
    0x08009c4c   0x08009c4c   0x00000028   Code   RO         7799    i.prvSampleTimeNow  timers.o
    0x08009c74   0x08009c74   0x0000006c   Code   RO         7800    i.prvSwitchTimerLists  timers.o
    0x08009ce0   0x08009ce0   0x00000028   Code   RO         8537    i.prvTaskExitError  port.o
    0x08009d08   0x08009d08   0x00000024   Code   RO         7801    i.prvTimerTask      timers.o
    0x08009d2c   0x08009d2c   0x0000006a   Code   RO         7031    i.prvUnlockQueue    queue.o
    0x08009d96   0x08009d96   0x00000002   PAD
    0x08009d98   0x08009d98   0x00000018   Code   RO          298    i.putchar4          ala_config.o
    0x08009db0   0x08009db0   0x000000dc   Code   RO         8483    i.pvPortMalloc      heap_4.o
    0x08009e8c   0x08009e8c   0x00000030   Code   RO         8538    i.pxPortInitialiseStack  port.o
    0x08009ebc   0x08009ebc   0x00000024   Code   RO          625    i.quyDoiEncoder     main.o
    0x08009ee0   0x08009ee0   0x0000002e   Code   RO          305    i.run_read_gyro_uart4  ala_config.o
    0x08009f0e   0x08009f0e   0x00000006   Code   RO          307    i.sendData_Gamepad_Grygo  ala_config.o
    0x08009f14   0x08009f14   0x00000014   Code   RO          632    i.setMotorBackward  main.o
    0x08009f28   0x08009f28   0x00000014   Code   RO          633    i.setMotorForward   main.o
    0x08009f3c   0x08009f3c   0x0000010c   Code   RO          637    i.update_encoder_value  main.o
    0x0800a048   0x0800a048   0x00000026   Code   RO         6986    i.uxListRemove      list.o
    0x0800a06e   0x0800a06e   0x00000002   PAD
    0x0800a070   0x0800a070   0x00000018   Code   RO         8041    i.vApplicationGetIdleTaskMemory  cmsis_os2.o
    0x0800a088   0x0800a088   0x00000018   Code   RO         8042    i.vApplicationGetTimerTaskMemory  cmsis_os2.o
    0x0800a0a0   0x0800a0a0   0x00000016   Code   RO         6987    i.vListInitialise   list.o
    0x0800a0b6   0x0800a0b6   0x00000006   Code   RO         6988    i.vListInitialiseItem  list.o
    0x0800a0bc   0x0800a0bc   0x00000030   Code   RO         6989    i.vListInsert       list.o
    0x0800a0ec   0x0800a0ec   0x00000018   Code   RO         6990    i.vListInsertEnd    list.o
    0x0800a104   0x0800a104   0x00000040   Code   RO         8540    i.vPortEnterCritical  port.o
    0x0800a144   0x0800a144   0x00000028   Code   RO         8541    i.vPortExitCritical  port.o
    0x0800a16c   0x0800a16c   0x00000064   Code   RO         8484    i.vPortFree         heap_4.o
    0x0800a1d0   0x0800a1d0   0x00000024   Code   RO         8542    i.vPortSetupTimerInterrupt  port.o
    0x0800a1f4   0x0800a1f4   0x00000054   Code   RO         8543    i.vPortValidateInterruptPriority  port.o
    0x0800a248   0x0800a248   0x00000028   Code   RO         7037    i.vQueueAddToRegistry  queue.o
    0x0800a270   0x0800a270   0x00000044   Code   RO         7041    i.vQueueWaitForMessageRestricted  queue.o
    0x0800a2b4   0x0800a2b4   0x0000004c   Code   RO         7448    i.vTaskDelay        tasks.o
    0x0800a300   0x0800a300   0x00000010   Code   RO         7453    i.vTaskInternalSetTimeOutState  tasks.o
    0x0800a310   0x0800a310   0x0000000c   Code   RO         7454    i.vTaskMissedYield  tasks.o
    0x0800a31c   0x0800a31c   0x00000030   Code   RO         7456    i.vTaskPlaceOnEventList  tasks.o
    0x0800a34c   0x0800a34c   0x00000038   Code   RO         7457    i.vTaskPlaceOnEventListRestricted  tasks.o
    0x0800a384   0x0800a384   0x00000088   Code   RO         7465    i.vTaskStartScheduler  tasks.o
    0x0800a40c   0x0800a40c   0x00000010   Code   RO         7467    i.vTaskSuspendAll   tasks.o
    0x0800a41c   0x0800a41c   0x00000064   Code   RO         7468    i.vTaskSwitchContext  tasks.o
    0x0800a480   0x0800a480   0x000000f4   Code   RO         8544    i.xPortStartScheduler  port.o
    0x0800a574   0x0800a574   0x0000002c   Code   RO         8545    i.xPortSysTickHandler  port.o
    0x0800a5a0   0x0800a5a0   0x00000066   Code   RO         7047    i.xQueueGenericCreateStatic  queue.o
    0x0800a606   0x0800a606   0x00000002   PAD
    0x0800a608   0x0800a608   0x00000094   Code   RO         7048    i.xQueueGenericReset  queue.o
    0x0800a69c   0x0800a69c   0x00000160   Code   RO         7049    i.xQueueGenericSend  queue.o
    0x0800a7fc   0x0800a7fc   0x000000be   Code   RO         7050    i.xQueueGenericSendFromISR  queue.o
    0x0800a8ba   0x0800a8ba   0x00000002   PAD
    0x0800a8bc   0x0800a8bc   0x0000013c   Code   RO         7059    i.xQueueReceive     queue.o
    0x0800a9f8   0x0800a9f8   0x00000078   Code   RO         7470    i.xTaskCheckForTimeOut  tasks.o
    0x0800aa70   0x0800aa70   0x0000005a   Code   RO         7471    i.xTaskCreate       tasks.o
    0x0800aaca   0x0800aaca   0x00000056   Code   RO         7472    i.xTaskCreateStatic  tasks.o
    0x0800ab20   0x0800ab20   0x0000001c   Code   RO         7476    i.xTaskGetSchedulerState  tasks.o
    0x0800ab3c   0x0800ab3c   0x0000000c   Code   RO         7477    i.xTaskGetTickCount  tasks.o
    0x0800ab48   0x0800ab48   0x000000c8   Code   RO         7479    i.xTaskIncrementTick  tasks.o
    0x0800ac10   0x0800ac10   0x0000007c   Code   RO         7482    i.xTaskPriorityDisinherit  tasks.o
    0x0800ac8c   0x0800ac8c   0x00000070   Code   RO         7484    i.xTaskRemoveFromEventList  tasks.o
    0x0800acfc   0x0800acfc   0x000000c4   Code   RO         7485    i.xTaskResumeAll    tasks.o
    0x0800adc0   0x0800adc0   0x00000060   Code   RO         7810    i.xTimerCreateTimerTask  timers.o
    0x0800ae20   0x0800ae20   0x00000068   Code   RO         7811    i.xTimerGenericCommand  timers.o
    0x0800ae88   0x0800ae88   0x0000000a   Code   RO         8971    x$fpl$fpinit        fz_wv.l(fpinit.o)
    0x0800ae92   0x0800ae92   0x00000000   Code   RO         8774    x$fpl$usenofp       fz_wv.l(usenofp.o)
    0x0800ae92   0x0800ae92   0x00000002   PAD
    0x0800ae94   0x0800ae94   0x000000b4   Data   RO          648    .constdata          main.o
    0x0800af48   0x0800af48   0x00000008   Data   RO         3589    .constdata          stm32h7xx_hal_dma.o
    0x0800af50   0x0800af50   0x0000005c   Data   RO         5442    .constdata          stm32h7xx_hal_fdcan.o
    0x0800afac   0x0800afac   0x00000018   Data   RO         6358    .constdata          stm32h7xx_hal_uart.o
    0x0800afc4   0x0800afc4   0x00000010   Data   RO         6724    .constdata          stm32h7xx_hal_uart_ex.o
    0x0800afd4   0x0800afd4   0x00000010   Data   RO         6829    .constdata          system_stm32h7xx.o
    0x0800afe4   0x0800afe4   0x00000011   Data   RO         8638    .constdata          c_w.l(__printf_flags_wp.o)
    0x0800aff5   0x0800aff5   0x00000003   PAD
    0x0800aff8   0x0800aff8   0x00000098   Data   RO         8778    .constdata          m_wv.l(atan.o)
    0x0800b090   0x0800b090   0x00000008   Data   RO         8816    .constdata          m_wv.l(qnan.o)
    0x0800b098   0x0800b098   0x00000041   Data   RO          649    .conststring        main.o
    0x0800b0d9   0x0800b0d9   0x00000003   PAD
    0x0800b0dc   0x0800b0dc   0x00000020   Data   RO         9044    Region$$Table       anon$$obj.o


    Execution Region RW_IRAM1 (Exec base: 0x20000000, Load base: 0x0800b0fc, Size: 0x00000000, Max: 0x00020000, ABSOLUTE)

    **** No section assigned to this execution region ****


    Execution Region RW_IRAM2 (Exec base: 0x24000000, Load base: 0x0800b0fc, Size: 0x00005e98, Max: 0x00080000, ABSOLUTE, COMPRESSED[0x00000054])

    Exec Addr    Load Addr    Size         Type   Attr      Idx    E Section Name        Object

    0x24000000   COMPRESSED   0x00000050   Data   RW          309    .data               ala_config.o
    0x24000050   COMPRESSED   0x00000018   Data   RW          312    .data               ala_config.o
    0x24000068   COMPRESSED   0x000000e8   Data   RW          672    .data               main.o
    0x24000150   COMPRESSED   0x00000001   Data   RW         1223    .data               stm32h7xx_it.o
    0x24000151   COMPRESSED   0x00000003   PAD
    0x24000154   COMPRESSED   0x00000004   Data   RW         1354    .data               stm32h7xx_hal_msp.o
    0x24000158   COMPRESSED   0x0000000c   Data   RW         4480    .data               stm32h7xx_hal.o
    0x24000164   COMPRESSED   0x00000008   Data   RW         6830    .data               system_stm32h7xx.o
    0x2400016c   COMPRESSED   0x0000003c   Data   RW         7488    .data               tasks.o
    0x240001a8   COMPRESSED   0x00000014   Data   RW         7819    .data               timers.o
    0x240001bc   COMPRESSED   0x00000004   Data   RW         8044    .data               cmsis_os2.o
    0x240001c0   COMPRESSED   0x00000020   Data   RW         8490    .data               heap_4.o
    0x240001e0   COMPRESSED   0x0000000c   Data   RW         8546    .data               port.o
    0x240001ec        -       0x0000000c   Zero   RW           29    .bss                i2c_lcd.o
    0x240001f8        -       0x00000ac4   Zero   RW          640    .bss                main.o
    0x24000cbc        -       0x00000078   Zero   RW          643    .bss                main.o
    0x24000d34        -       0x00000078   Zero   RW          644    .bss                main.o
    0x24000dac        -       0x00000078   Zero   RW          645    .bss                main.o
    0x24000e24        -       0x00000078   Zero   RW          646    .bss                main.o
    0x24000e9c        -       0x00000078   Zero   RW          647    .bss                main.o
    0x24000f14        -       0x0000004c   Zero   RW         1468    .bss                stm32h7xx_hal_timebase_tim.o
    0x24000f60        -       0x00000040   Zero   RW         7063    .bss                queue.o
    0x24000fa0        -       0x000004c4   Zero   RW         7487    .bss                tasks.o
    0x24001464        -       0x00000118   Zero   RW         7818    .bss                timers.o
    0x2400157c        -       0x000006b8   Zero   RW         8043    .bss                cmsis_os2.o
    0x24001c34        -       0x00003c00   Zero   RW         8489    .bss                heap_4.o
    0x24005834        -       0x00000060   Zero   RW         8896    .bss                c_w.l(libspace.o)
    0x24005894   COMPRESSED   0x00000004   PAD
    0x24005898        -       0x00000200   Zero   RW            2    HEAP                startup_stm32h750xx.o
    0x24005a98        -       0x00000400   Zero   RW            1    STACK               startup_stm32h750xx.o


==============================================================================

Image component sizes


      Code (inc. data)   RO Data    RW Data    ZI Data      Debug   Object Name

         0          0          0          0          0       1428   4swervewheel.o
        76          6          0        104          0       2642   ala_config.o
       338         22          0          4       1720      71291   cmsis_os2.o
         0          0          0          0          0      18032   event_groups.o
       476         24          0         32      15360       5051   heap_4.o
       480         20          0          0         12    1422605   i2c_lcd.o
       138          0          0          0          0       3738   list.o
      5660        690        245        232       3356      41210   main.o
       790         84          0         12          0      11769   port.o
      1530         22          0          0         64      17768   queue.o
        64         26        664          0       1536        856   startup_stm32h750xx.o
       168         36          0         12          0      22877   stm32h7xx_hal.o
      2482        258          0          0          0      74902   stm32h7xx_hal_adc.o
       304         22          0          0          0      63267   stm32h7xx_hal_adc_ex.o
       350         28          0          0          0      41898   stm32h7xx_hal_cortex.o
      4480        176          8          0          0      10071   stm32h7xx_hal_dma.o
      1036         18         92          0          0       4717   stm32h7xx_hal_fdcan.o
       592         50          0          0          0       3696   stm32h7xx_hal_gpio.o
      1182         22          0          0          0       9841   stm32h7xx_hal_i2c.o
       172          0          0          0          0       2127   stm32h7xx_hal_i2c_ex.o
      2800        252          0          4          0      10530   stm32h7xx_hal_msp.o
        84          6          0          0          0        801   stm32h7xx_hal_pwr_ex.o
      2558        110          0          0          0       7985   stm32h7xx_hal_rcc.o
      4776        174          0          0          0      10695   stm32h7xx_hal_rcc_ex.o
       380         14          0          0          0       1739   stm32h7xx_hal_spi.o
      2976        282          0          0          0      20707   stm32h7xx_hal_tim.o
       170         30          0          0          0       3296   stm32h7xx_hal_tim_ex.o
       140         20          0          0         76       1639   stm32h7xx_hal_timebase_tim.o
      2580        142         24          0          0      37036   stm32h7xx_hal_uart.o
       284          6         16          0          0       3889   stm32h7xx_hal_uart_ex.o
       608        126          0          1          0       9194   stm32h7xx_it.o
         0          0          0          0          0        392   stream_buffer.o
       220         40         16          8          0       1530   system_stm32h7xx.o
      2084        162          0         60       1220      27320   tasks.o
       972         84          0         20        280      32403   timers.o

    ----------------------------------------------------------------------
     40984       2952       1100        492      23624    1998942   Object Totals
         0          0         32          0          0          0   (incl. Generated)
        34          0          3          3          0          0   (incl. Padding)

    ----------------------------------------------------------------------

      Code (inc. data)   RO Data    RW Data    ZI Data      Debug   Library Member Name

        58          0          0          0          0          0   __dczerorl.o
         8          0          0          0          0         68   __main.o
       312          4         17          0          0         92   __printf_flags_wp.o
        14          0          0          0          0         68   __printf_wp.o
         0          0          0          0          0          0   __rtentry.o
        12          0          0          0          0          0   __rtentry2.o
         6          0          0          0          0          0   __rtentry4.o
        52          8          0          0          0          0   __scatter.o
        28          0          0          0          0          0   __scatter_zi.o
        48          6          0          0          0         96   _printf_char_common.o
       120         16          0          0          0         92   _printf_dec.o
         6          0          0          0          0          0   _printf_i.o
       178          0          0          0          0         88   _printf_intcommon.o
         0          0          0          0          0          0   _printf_percent.o
         4          0          0          0          0          0   _printf_percent_end.o
        22          0          0          0          0        100   _rserrno.o
        10          0          0          0          0         68   _sputc.o
        16          0          0          0          0         68   aeabi_memset.o
        18          0          0          0          0         80   exit.o
         6          0          0          0          0        152   heapauxi.o
         0          0          0          0          0          0   indicate_semi.o
         2          0          0          0          0          0   libinit.o
         6          0          0          0          0          0   libinit2.o
         2          0          0          0          0          0   libshutdown.o
         2          0          0          0          0          0   libshutdown2.o
         8          4          0          0         96         68   libspace.o
       238          0          0          0          0        100   lludivv7m.o
        40          6          0          0          0         84   noretval__2sprintf.o
         8          4          0          0          0         68   rt_errno_addr_intlibspace.o
        68          0          0          0          0         68   rt_memclr.o
        78          0          0          0          0         80   rt_memclr_w.o
       138          0          0          0          0         68   rt_memcpy_v6.o
       100          0          0          0          0         80   rt_memcpy_w.o
         2          0          0          0          0          0   rtexit.o
        10          0          0          0          0          0   rtexit2.o
        12          4          0          0          0         68   sys_exit.o
        74          0          0          0          0         80   sys_stackheap_outer.o
         2          0          0          0          0         68   use_no_semi.o
        10          0          0          0          0        116   fpinit.o
         0          0          0          0          0          0   usenofp.o
       528        110        152          0          0        348   atan.o
       456         64          0          0          0        188   atan2.o
        36         14          0          0          0        348   dunder.o
        24          0          0          0          0        124   fabs.o
        48          0          0          0          0        124   fpclassify.o
       112          0          0          0          0        116   poly.o
         0          0          8          0          0          0   qnan.o
       102          0          0          0          0        140   sqrt.o

    ----------------------------------------------------------------------
      3044        240        180          0        100       3308   Library Totals
        20          0          3          0          4          0   (incl. Padding)

    ----------------------------------------------------------------------

      Code (inc. data)   RO Data    RW Data    ZI Data      Debug   Library Name

      1708         52         17          0         96       1804   c_w.l
        10          0          0          0          0        116   fz_wv.l
      1306        188        160          0          0       1388   m_wv.l

    ----------------------------------------------------------------------
      3044        240        180          0        100       3308   Library Totals

    ----------------------------------------------------------------------

==============================================================================


      Code (inc. data)   RO Data    RW Data    ZI Data      Debug   

     44028       3192       1280        492      23724    1973114   Grand Totals
     44028       3192       1280         84      23724    1973114   ELF Image Totals (compressed)
     44028       3192       1280         84          0          0   ROM Totals

==============================================================================

    Total RO  Size (Code + RO Data)                45308 (  44.25kB)
    Total RW  Size (RW Data + ZI Data)             24216 (  23.65kB)
    Total ROM Size (Code + RO Data + RW Data)      45392 (  44.33kB)

==============================================================================

